Archive member included to satisfy reference by file (symbol)

D:\GITHUB\STM32\EDS_2023\MCAL_F40x\Debug\libMCAL.a(mcalGPIO.o)
                              ./Src/main.o (gpioSelectPort)
D:\GITHUB\STM32\EDS_2023\MCAL_F40x\Debug\libMCAL.a(mcalSysTick.o)
                              ./Src/main.o (systickInit)
D:\GITHUB\STM32\EDS_2023\MCAL_F40x\Debug\libMCAL.a(system_stm32f4xx.o)
                              D:\GITHUB\STM32\EDS_2023\MCAL_F40x\Debug\libMCAL.a(mcalSysTick.o) (SystemCoreClock)
c:/st/stm32cubeide_1.12.0/stm32cubeide/plugins/com.st.stm32cube.ide.mcu.externaltools.gnu-tools-for-stm32.10.3-2021.10.win32_1.0.200.202301161003/tools/bin/../lib/gcc/arm-none-eabi/10.3.1/../../../../arm-none-eabi/lib/thumb/v7e-m+fp/softfp\libc_nano.a(lib_a-errno.o)
                              ./Src/syscalls.o (__errno)
c:/st/stm32cubeide_1.12.0/stm32cubeide/plugins/com.st.stm32cube.ide.mcu.externaltools.gnu-tools-for-stm32.10.3-2021.10.win32_1.0.200.202301161003/tools/bin/../lib/gcc/arm-none-eabi/10.3.1/../../../../arm-none-eabi/lib/thumb/v7e-m+fp/softfp\libc_nano.a(lib_a-exit.o)
                              c:/st/stm32cubeide_1.12.0/stm32cubeide/plugins/com.st.stm32cube.ide.mcu.externaltools.gnu-tools-for-stm32.10.3-2021.10.win32_1.0.200.202301161003/tools/bin/../lib/gcc/arm-none-eabi/10.3.1/../../../../arm-none-eabi/lib/thumb/v7e-m+fp/softfp/crt0.o (exit)
c:/st/stm32cubeide_1.12.0/stm32cubeide/plugins/com.st.stm32cube.ide.mcu.externaltools.gnu-tools-for-stm32.10.3-2021.10.win32_1.0.200.202301161003/tools/bin/../lib/gcc/arm-none-eabi/10.3.1/../../../../arm-none-eabi/lib/thumb/v7e-m+fp/softfp\libc_nano.a(lib_a-impure.o)
                              c:/st/stm32cubeide_1.12.0/stm32cubeide/plugins/com.st.stm32cube.ide.mcu.externaltools.gnu-tools-for-stm32.10.3-2021.10.win32_1.0.200.202301161003/tools/bin/../lib/gcc/arm-none-eabi/10.3.1/../../../../arm-none-eabi/lib/thumb/v7e-m+fp/softfp\libc_nano.a(lib_a-exit.o) (_global_impure_ptr)
c:/st/stm32cubeide_1.12.0/stm32cubeide/plugins/com.st.stm32cube.ide.mcu.externaltools.gnu-tools-for-stm32.10.3-2021.10.win32_1.0.200.202301161003/tools/bin/../lib/gcc/arm-none-eabi/10.3.1/../../../../arm-none-eabi/lib/thumb/v7e-m+fp/softfp\libc_nano.a(lib_a-init.o)
                              c:/st/stm32cubeide_1.12.0/stm32cubeide/plugins/com.st.stm32cube.ide.mcu.externaltools.gnu-tools-for-stm32.10.3-2021.10.win32_1.0.200.202301161003/tools/bin/../lib/gcc/arm-none-eabi/10.3.1/../../../../arm-none-eabi/lib/thumb/v7e-m+fp/softfp/crt0.o (__libc_init_array)
c:/st/stm32cubeide_1.12.0/stm32cubeide/plugins/com.st.stm32cube.ide.mcu.externaltools.gnu-tools-for-stm32.10.3-2021.10.win32_1.0.200.202301161003/tools/bin/../lib/gcc/arm-none-eabi/10.3.1/../../../../arm-none-eabi/lib/thumb/v7e-m+fp/softfp\libc_nano.a(lib_a-memset.o)
                              c:/st/stm32cubeide_1.12.0/stm32cubeide/plugins/com.st.stm32cube.ide.mcu.externaltools.gnu-tools-for-stm32.10.3-2021.10.win32_1.0.200.202301161003/tools/bin/../lib/gcc/arm-none-eabi/10.3.1/../../../../arm-none-eabi/lib/thumb/v7e-m+fp/softfp/crt0.o (memset)
c:/st/stm32cubeide_1.12.0/stm32cubeide/plugins/com.st.stm32cube.ide.mcu.externaltools.gnu-tools-for-stm32.10.3-2021.10.win32_1.0.200.202301161003/tools/bin/../lib/gcc/arm-none-eabi/10.3.1/../../../../arm-none-eabi/lib/thumb/v7e-m+fp/softfp\libc_nano.a(lib_a-nano-vfprintf_float.o)
                              (_printf_float)
c:/st/stm32cubeide_1.12.0/stm32cubeide/plugins/com.st.stm32cube.ide.mcu.externaltools.gnu-tools-for-stm32.10.3-2021.10.win32_1.0.200.202301161003/tools/bin/../lib/gcc/arm-none-eabi/10.3.1/../../../../arm-none-eabi/lib/thumb/v7e-m+fp/softfp\libc_nano.a(lib_a-nano-vfprintf_i.o)
                              c:/st/stm32cubeide_1.12.0/stm32cubeide/plugins/com.st.stm32cube.ide.mcu.externaltools.gnu-tools-for-stm32.10.3-2021.10.win32_1.0.200.202301161003/tools/bin/../lib/gcc/arm-none-eabi/10.3.1/../../../../arm-none-eabi/lib/thumb/v7e-m+fp/softfp\libc_nano.a(lib_a-nano-vfprintf_float.o) (_printf_common)
c:/st/stm32cubeide_1.12.0/stm32cubeide/plugins/com.st.stm32cube.ide.mcu.externaltools.gnu-tools-for-stm32.10.3-2021.10.win32_1.0.200.202301161003/tools/bin/../lib/gcc/arm-none-eabi/10.3.1/../../../../arm-none-eabi/lib/thumb/v7e-m+fp/softfp\libc_nano.a(lib_a-strlen.o)
                              c:/st/stm32cubeide_1.12.0/stm32cubeide/plugins/com.st.stm32cube.ide.mcu.externaltools.gnu-tools-for-stm32.10.3-2021.10.win32_1.0.200.202301161003/tools/bin/../lib/gcc/arm-none-eabi/10.3.1/../../../../arm-none-eabi/lib/thumb/v7e-m+fp/softfp\libc_nano.a(lib_a-nano-vfprintf_float.o) (strlen)
c:/st/stm32cubeide_1.12.0/stm32cubeide/plugins/com.st.stm32cube.ide.mcu.externaltools.gnu-tools-for-stm32.10.3-2021.10.win32_1.0.200.202301161003/tools/bin/../lib/gcc/arm-none-eabi/10.3.1/../../../../arm-none-eabi/lib/thumb/v7e-m+fp/softfp\libc_nano.a(lib_a-dtoa.o)
[...]
Memory Configuration

Name             Origin             Length             Attributes
RAM              0x0000000020000000 0x0000000000018000 xrw
FLASH            0x0000000008000000 0x0000000000080000 xr
*default*        0x0000000000000000 0xffffffffffffffff

Linker script and memory map

LOAD c:/st/stm32cubeide_1.12.0/stm32cubeide/plugins/com.st.stm32cube.ide.mcu.externaltools.gnu-tools-for-stm32.10.3-2021.10.win32_1.0.200.202301161003/tools/bin/../lib/gcc/arm-none-eabi/10.3.1/thumb/v7e-m+fp/softfp/crti.o
LOAD c:/st/stm32cubeide_1.12.0/stm32cubeide/plugins/com.st.stm32cube.ide.mcu.externaltools.gnu-tools-for-stm32.10.3-2021.10.win32_1.0.200.202301161003/tools/bin/../lib/gcc/arm-none-eabi/10.3.1/thumb/v7e-m+fp/softfp/crtbegin.o
LOAD c:/st/stm32cubeide_1.12.0/stm32cubeide/plugins/com.st.stm32cube.ide.mcu.externaltools.gnu-tools-for-stm32.10.3-2021.10.win32_1.0.200.202301161003/tools/bin/../lib/gcc/arm-none-eabi/10.3.1/../../../../arm-none-eabi/lib/thumb/v7e-m+fp/softfp/crt0.o
LOAD ./Src/main.o
LOAD ./Src/syscalls.o
LOAD ./Src/sysmem.o
LOAD ./Startup/startup_stm32f401retx.o
LOAD D:\GITHUB\STM32\EDS_2023\MCAL_F40x\Debug\libMCAL.a
START GROUP
LOAD c:/st/stm32cubeide_1.12.0/stm32cubeide/plugins/com.st.stm32cube.ide.mcu.externaltools.gnu-tools-for-stm32.10.3-2021.10.win32_1.0.200.202301161003/tools/bin/../lib/gcc/arm-none-eabi/10.3.1/../../../../arm-none-eabi/lib/thumb/v7e-m+fp/softfp\libc_nano.a
LOAD c:/st/stm32cubeide_1.12.0/stm32cubeide/plugins/com.st.stm32cube.ide.mcu.externaltools.gnu-tools-for-stm32.10.3-2021.10.win32_1.0.200.202301161003/tools/bin/../lib/gcc/arm-none-eabi/10.3.1/../../../../arm-none-eabi/lib/thumb/v7e-m+fp/softfp\libm.a
END GROUP
START GROUP
LOAD c:/st/stm32cubeide_1.12.0/stm32cubeide/plugins/com.st.stm32cube.ide.mcu.externaltools.gnu-tools-for-stm32.10.3-2021.10.win32_1.0.200.202301161003/tools/bin/../lib/gcc/arm-none-eabi/10.3.1/thumb/v7e-m+fp/softfp\libgcc.a
LOAD c:/st/stm32cubeide_1.12.0/stm32cubeide/plugins/com.st.stm32cube.ide.mcu.externaltools.gnu-tools-for-stm32.10.3-2021.10.win32_1.0.200.202301161003/tools/bin/../lib/gcc/arm-none-eabi/10.3.1/../../../../arm-none-eabi/lib/thumb/v7e-m+fp/softfp\libc_nano.a
END GROUP
START GROUP
LOAD c:/st/stm32cubeide_1.12.0/stm32cubeide/plugins/com.st.stm32cube.ide.mcu.externaltools.gnu-tools-for-stm32.10.3-2021.10.win32_1.0.200.202301161003/tools/bin/../lib/gcc/arm-none-eabi/10.3.1/thumb/v7e-m+fp/softfp\libgcc.a
LOAD c:/st/stm32cubeide_1.12.0/stm32cubeide/plugins/com.st.stm32cube.ide.mcu.externaltools.gnu-tools-for-stm32.10.3-2021.10.win32_1.0.200.202301161003/tools/bin/../lib/gcc/arm-none-eabi/10.3.1/../../../../arm-none-eabi/lib/thumb/v7e-m+fp/softfp\libc_nano.a
LOAD c:/st/stm32cubeide_1.12.0/stm32cubeide/plugins/com.st.stm32cube.ide.mcu.externaltools.gnu-tools-for-stm32.10.3-2021.10.win32_1.0.200.202301161003/tools/bin/../lib/gcc/arm-none-eabi/10.3.1/../../../../arm-none-eabi/lib/thumb/v7e-m+fp/softfp\libnosys.a
END GROUP
START GROUP
LOAD c:/st/stm32cubeide_1.12.0/stm32cubeide/plugins/com.st.stm32cube.ide.mcu.externaltools.gnu-tools-for-stm32.10.3-2021.10.win32_1.0.200.202301161003/tools/bin/../lib/gcc/arm-none-eabi/10.3.1/thumb/v7e-m+fp/softfp\libgcc.a
LOAD c:/st/stm32cubeide_1.12.0/stm32cubeide/plugins/com.st.stm32cube.ide.mcu.externaltools.gnu-tools-for-stm32.10.3-2021.10.win32_1.0.200.202301161003/tools/bin/../lib/gcc/arm-none-eabi/10.3.1/../../../../arm-none-eabi/lib/thumb/v7e-m+fp/softfp\libc_nano.a
LOAD c:/st/stm32cubeide_1.12.0/stm32cubeide/plugins/com.st.stm32cube.ide.mcu.externaltools.gnu-tools-for-stm32.10.3-2021.10.win32_1.0.200.202301161003/tools/bin/../lib/gcc/arm-none-eabi/10.3.1/../../../../arm-none-eabi/lib/thumb/v7e-m+fp/softfp\libnosys.a
END GROUP
LOAD c:/st/stm32cubeide_1.12.0/stm32cubeide/plugins/com.st.stm32cube.ide.mcu.externaltools.gnu-tools-for-stm32.10.3-2021.10.win32_1.0.200.202301161003/tools/bin/../lib/gcc/arm-none-eabi/10.3.1/thumb/v7e-m+fp/softfp/crtend.o
LOAD c:/st/stm32cubeide_1.12.0/stm32cubeide/plugins/com.st.stm32cube.ide.mcu.externaltools.gnu-tools-for-stm32.10.3-2021.10.win32_1.0.200.202301161003/tools/bin/../lib/gcc/arm-none-eabi/10.3.1/thumb/v7e-m+fp/softfp/crtn.o
                0x0000000020018000                _estack = (ORIGIN (RAM) + LENGTH (RAM))
                0x0000000000000200                _Min_Heap_Size = 0x200
                0x0000000000000400                _Min_Stack_Size = 0x400

.isr_vector     0x0000000008000000      0x194
                0x0000000008000000                . = ALIGN (0x4)
 *(.isr_vector)
 .isr_vector    0x0000000008000000      0x194 ./Startup/startup_stm32f401retx.o
                0x0000000008000000                g_pfnVectors
                0x0000000008000194                . = ALIGN (0x4)

.text           0x00000000080001a0     0x3fa4
                0x00000000080001a0                . = ALIGN (0x4)
 *(.text)
 .text          0x00000000080001a0       0x40 c:/st/stm32cubeide_1.12.0/stm32cubeide/plugins/com.st.stm32cube.ide.mcu.externaltools.gnu-tools-for-stm32.10.3-2021.10.win32_1.0.200.202301161003/tools/bin/../lib/gcc/arm-none-eabi/10.3.1/thumb/v7e-m+fp/softfp/crtbegin.o
 .text          0x00000000080001e0       0x10 c:/st/stm32cubeide_1.12.0/stm32cubeide/plugins/com.st.stm32cube.ide.mcu.externaltools.gnu-tools-for-stm32.10.3-2021.10.win32_1.0.200.202301161003/tools/bin/../lib/gcc/arm-none-eabi/10.3.1/../../../../arm-none-eabi/lib/thumb/v7e-m+fp/softfp\libc_nano.a(lib_a-strlen.o)
                0x00000000080001e0                strlen
 .text          0x00000000080001f0       0xa0 c:/st/stm32cubeide_1.12.0/stm32cubeide/plugins/com.st.stm32cube.ide.mcu.externaltools.gnu-tools-for-stm32.10.3-2021.10.win32_1.0.200.202301161003/tools/bin/../lib/gcc/arm-none-eabi/10.3.1/../../../../arm-none-eabi/lib/thumb/v7e-m+fp/softfp\libc_nano.a(lib_a-memchr.o)
                0x00000000080001f0                memchr
 .text          0x0000000008000290      0x378 c:/st/stm32cubeide_1.12.0/stm32cubeide/plugins/com.st.stm32cube.ide.mcu.externaltools.gnu-tools-for-stm32.10.3-2021.10.win32_1.0.200.202301161003/tools/bin/../lib/gcc/arm-none-eabi/10.3.1/thumb/v7e-m+fp/softfp\libgcc.a(_arm_addsubdf3.o)
                0x0000000008000290                __aeabi_drsub
                0x0000000008000298                __aeabi_dsub
                0x0000000008000298                __subdf3
                0x000000000800029c                __aeabi_dadd
                0x000000000800029c                __adddf3
                0x0000000008000514                __floatunsidf
                0x0000000008000514                __aeabi_ui2d
                0x0000000008000534                __floatsidf
                0x0000000008000534                __aeabi_i2d
                0x0000000008000558                __aeabi_f2d
                0x0000000008000558                __extendsfdf2
                0x000000000800059c                __floatundidf
                0x000000000800059c                __aeabi_ul2d
                0x00000000080005ac                __floatdidf
                0x00000000080005ac                __aeabi_l2d
 .text          0x0000000008000608      0x424 c:/st/stm32cubeide_1.12.0/stm32cubeide/plugins/com.st.stm32cube.ide.mcu.externaltools.gnu-tools-for-stm32.10.3-2021.10.win32_1.0.200.202301161003/tools/bin/../lib/gcc/arm-none-eabi/10.3.1/thumb/v7e-m+fp/softfp\libgcc.a(_arm_muldivdf3.o)
                0x0000000008000608                __aeabi_dmul
                0x0000000008000608                __muldf3
                0x000000000800085c                __divdf3
                0x000000000800085c                __aeabi_ddiv
 .text          0x0000000008000a2c      0x110 c:/st/stm32cubeide_1.12.0/stm32cubeide/plugins/com.st.stm32cube.ide.mcu.externaltools.gnu-tools-for-stm32.10.3-2021.10.win32_1.0.200.202301161003/tools/bin/../lib/gcc/arm-none-eabi/10.3.1/thumb/v7e-m+fp/softfp\libgcc.a(_arm_cmpdf2.o)
                0x0000000008000a2c                __gtdf2
                0x0000000008000a2c                __gedf2
                0x0000000008000a34                __ltdf2
                0x0000000008000a34                __ledf2
                0x0000000008000a3c                __nedf2
                0x0000000008000a3c                __eqdf2
                0x0000000008000a3c                __cmpdf2
                0x0000000008000ab8                __aeabi_cdrcmple
                0x0000000008000ac8                __aeabi_cdcmpeq
                0x0000000008000ac8                __aeabi_cdcmple
                0x0000000008000ad8                __aeabi_dcmpeq
                0x0000000008000aec                __aeabi_dcmplt
                0x0000000008000b00                __aeabi_dcmple
                0x0000000008000b14                __aeabi_dcmpge
                0x0000000008000b28                __aeabi_dcmpgt
 .text          0x0000000008000b3c       0x2c c:/st/stm32cubeide_1.12.0/stm32cubeide/plugins/com.st.stm32cube.ide.mcu.externaltools.gnu-tools-for-stm32.10.3-2021.10.win32_1.0.200.202301161003/tools/bin/../lib/gcc/arm-none-eabi/10.3.1/thumb/v7e-m+fp/softfp\libgcc.a(_arm_unorddf2.o)
                0x0000000008000b3c                __unorddf2
                0x0000000008000b3c                __aeabi_dcmpun
 .text          0x0000000008000b68       0x50 c:/st/stm32cubeide_1.12.0/stm32cubeide/plugins/com.st.stm32cube.ide.mcu.externaltools.gnu-tools-for-stm32.10.3-2021.10.win32_1.0.200.202301161003/tools/bin/../lib/gcc/arm-none-eabi/10.3.1/thumb/v7e-m+fp/softfp\libgcc.a(_arm_fixdfsi.o)
                0x0000000008000b68                __aeabi_d2iz
                0x0000000008000b68                __fixdfsi
 *(.text*)
 .text.main     0x0000000008000bb8      0x11c ./Src/main.o
                0x0000000008000bb8                main
 .text._getpid  0x0000000008000cd4       0x10 ./Src/syscalls.o
                0x0000000008000cd4                _getpid
 .text._kill    0x0000000008000ce4       0x20 ./Src/syscalls.o
                0x0000000008000ce4                _kill
 .text._exit    0x0000000008000d04       0x14 ./Src/syscalls.o
                0x0000000008000d04                _exit
 .text._read    0x0000000008000d18       0x3a ./Src/syscalls.o
                0x0000000008000d18                _read
 .text._write   0x0000000008000d52       0x38 ./Src/syscalls.o
                0x0000000008000d52                _write
 .text._close   0x0000000008000d8a       0x18 ./Src/syscalls.o
                0x0000000008000d8a                _close
 .text._fstat   0x0000000008000da2       0x20 ./Src/syscalls.o
                0x0000000008000da2                _fstat
 .text._isatty  0x0000000008000dc2       0x16 ./Src/syscalls.o
                0x0000000008000dc2                _isatty
 .text._lseek   0x0000000008000dd8       0x1a ./Src/syscalls.o
                0x0000000008000dd8                _lseek
 *fill*         0x0000000008000df2        0x2 
 .text._sbrk    0x0000000008000df4       0x6c ./Src/sysmem.o
                0x0000000008000df4                _sbrk
 .text.Reset_Handler
                0x0000000008000e60       0x50 ./Startup/startup_stm32f401retx.o
                0x0000000008000e60                Reset_Handler
 .text.Default_Handler
                0x0000000008000eb0        0x2 ./Startup/startup_stm32f401retx.o
                0x0000000008000eb0                EXTI2_IRQHandler
                0x0000000008000eb0                DebugMon_Handler
                0x0000000008000eb0                SPI4_IRQHandler
                0x0000000008000eb0                TIM1_CC_IRQHandler
                0x0000000008000eb0                DMA2_Stream5_IRQHandler
                0x0000000008000eb0                HardFault_Handler
                0x0000000008000eb0                DMA1_Stream5_IRQHandler
                0x0000000008000eb0                SDIO_IRQHandler
                0x0000000008000eb0                TAMP_STAMP_IRQHandler
                0x0000000008000eb0                PendSV_Handler
                0x0000000008000eb0                NMI_Handler
                0x0000000008000eb0                EXTI3_IRQHandler
                0x0000000008000eb0                TIM1_UP_TIM10_IRQHandler
                0x0000000008000eb0                I2C3_ER_IRQHandler
                0x0000000008000eb0                EXTI18_OTG_FS_WKUP_IRQHandler
                0x0000000008000eb0                EXTI0_IRQHandler
                0x0000000008000eb0                I2C2_EV_IRQHandler
                0x0000000008000eb0                DMA1_Stream2_IRQHandler
                0x0000000008000eb0                UsageFault_Handler
                0x0000000008000eb0                DMA2_Stream2_IRQHandler
                0x0000000008000eb0                SPI1_IRQHandler
                0x0000000008000eb0                TIM1_BRK_TIM9_IRQHandler
                0x0000000008000eb0                DMA2_Stream3_IRQHandler
                0x0000000008000eb0                USART6_IRQHandler
                0x0000000008000eb0                DMA2_Stream0_IRQHandler
                0x0000000008000eb0                TIM4_IRQHandler
                0x0000000008000eb0                I2C1_EV_IRQHandler
                0x0000000008000eb0                DMA1_Stream6_IRQHandler
                0x0000000008000eb0                DMA1_Stream1_IRQHandler
                0x0000000008000eb0                TIM3_IRQHandler
                0x0000000008000eb0                RCC_IRQHandler
                0x0000000008000eb0                Default_Handler
                0x0000000008000eb0                EXTI15_10_IRQHandler
                0x0000000008000eb0                ADC_IRQHandler
                0x0000000008000eb0                DMA1_Stream7_IRQHandler
                0x0000000008000eb0                TIM5_IRQHandler
                0x0000000008000eb0                DMA2_Stream7_IRQHandler
                0x0000000008000eb0                I2C3_EV_IRQHandler
                0x0000000008000eb0                EXTI9_5_IRQHandler
                0x0000000008000eb0                SPI2_IRQHandler
                0x0000000008000eb0                MemManage_Handler
                0x0000000008000eb0                DMA1_Stream0_IRQHandler
                0x0000000008000eb0                SVC_Handler
                0x0000000008000eb0                EXTI4_IRQHandler
                0x0000000008000eb0                EXTI22_RTC_WKUP_IRQHandler
                0x0000000008000eb0                TIM2_IRQHandler
                0x0000000008000eb0                EXTI16_PVD_IRQHandler
                0x0000000008000eb0                TIM1_TRG_COM_TIM11_IRQHandler
                0x0000000008000eb0                EXTI1_IRQHandler
                0x0000000008000eb0                EXTI17_RTC_Alarm_IRQHandler
                0x0000000008000eb0                USART2_IRQHandler
                0x0000000008000eb0                I2C2_ER_IRQHandler
                0x0000000008000eb0                DMA2_Stream1_IRQHandler
                0x0000000008000eb0                FLASH_IRQHandler
                0x0000000008000eb0                DMA2_Stream4_IRQHandler
                0x0000000008000eb0                BusFault_Handler
                0x0000000008000eb0                USART1_IRQHandler
                0x0000000008000eb0                OTG_FS_IRQHandler
                0x0000000008000eb0                SPI3_IRQHandler
                0x0000000008000eb0                DMA1_Stream4_IRQHandler
                0x0000000008000eb0                I2C1_ER_IRQHandler
                0x0000000008000eb0                DMA2_Stream6_IRQHandler
                0x0000000008000eb0                DMA1_Stream3_IRQHandler
 *fill*         0x0000000008000eb2        0x2 
 .text.gpioVerifyPort
                0x0000000008000eb4       0x64 D:\GITHUB\STM32\EDS_2023\MCAL_F40x\Debug\libMCAL.a(mcalGPIO.o)
                0x0000000008000eb4                gpioVerifyPort
 .text.gpioVerifyPin
                0x0000000008000f18       0x7c D:\GITHUB\STM32\EDS_2023\MCAL_F40x\Debug\libMCAL.a(mcalGPIO.o)
                0x0000000008000f18                gpioVerifyPin
 .text.gpioVerifyPinMode
                0x0000000008000f94       0x34 D:\GITHUB\STM32\EDS_2023\MCAL_F40x\Debug\libMCAL.a(mcalGPIO.o)
                0x0000000008000f94                gpioVerifyPinMode
 .text.gpioVerifyOutputType
                0x0000000008000fc8       0x28 D:\GITHUB\STM32\EDS_2023\MCAL_F40x\Debug\libMCAL.a(mcalGPIO.o)
                0x0000000008000fc8                gpioVerifyOutputType
 .text.gpioVerifyPushPullMode
                0x0000000008000ff0       0x2e D:\GITHUB\STM32\EDS_2023\MCAL_F40x\Debug\libMCAL.a(mcalGPIO.o)
                0x0000000008000ff0                gpioVerifyPushPullMode
 *fill*         0x000000000800101e        0x2 
 .text.gpioSelectPort
                0x0000000008001020       0xc8 D:\GITHUB\STM32\EDS_2023\MCAL_F40x\Debug\libMCAL.a(mcalGPIO.o)
                0x0000000008001020                gpioSelectPort
 .text.gpioSelectPinMode
                0x00000000080010e8       0x96 D:\GITHUB\STM32\EDS_2023\MCAL_F40x\Debug\libMCAL.a(mcalGPIO.o)
                0x00000000080010e8                gpioSelectPinMode
 .text.gpioSetPin
                0x000000000800117e       0x56 D:\GITHUB\STM32\EDS_2023\MCAL_F40x\Debug\libMCAL.a(mcalGPIO.o)
                0x000000000800117e                gpioSetPin
 .text.gpioResetPin
                0x00000000080011d4       0x58 D:\GITHUB\STM32\EDS_2023\MCAL_F40x\Debug\libMCAL.a(mcalGPIO.o)
                0x00000000080011d4                gpioResetPin
 .text.gpioTogglePin
                0x000000000800122c       0x56 D:\GITHUB\STM32\EDS_2023\MCAL_F40x\Debug\libMCAL.a(mcalGPIO.o)
                0x000000000800122c                gpioTogglePin
 .text.gpioSetOutputType
                0x0000000008001282       0x92 D:\GITHUB\STM32\EDS_2023\MCAL_F40x\Debug\libMCAL.a(mcalGPIO.o)
                0x0000000008001282                gpioSetOutputType
 .text.gpioSelectPushPullMode
                0x0000000008001314       0xba D:\GITHUB\STM32\EDS_2023\MCAL_F40x\Debug\libMCAL.a(mcalGPIO.o)
                0x0000000008001314                gpioSelectPushPullMode
 .text.gpioGetPinState
                0x00000000080013ce       0x38 D:\GITHUB\STM32\EDS_2023\MCAL_F40x\Debug\libMCAL.a(mcalGPIO.o)
                0x00000000080013ce                gpioGetPinState
 *fill*         0x0000000008001406        0x2 
 .text.__NVIC_SetPriority
                0x0000000008001408       0x54 D:\GITHUB\STM32\EDS_2023\MCAL_F40x\Debug\libMCAL.a(mcalSysTick.o)
 .text.SysTick_Config
                0x000000000800145c       0x44 D:\GITHUB\STM32\EDS_2023\MCAL_F40x\Debug\libMCAL.a(mcalSysTick.o)
 .text.systickInit
                0x00000000080014a0       0x28 D:\GITHUB\STM32\EDS_2023\MCAL_F40x\Debug\libMCAL.a(mcalSysTick.o)
                0x00000000080014a0                systickInit
 .text.systickSetTicktime
                0x00000000080014c8       0x1c D:\GITHUB\STM32\EDS_2023\MCAL_F40x\Debug\libMCAL.a(mcalSysTick.o)
                0x00000000080014c8                systickSetTicktime
 .text.isSystickExpired
                0x00000000080014e4       0x24 D:\GITHUB\STM32\EDS_2023\MCAL_F40x\Debug\libMCAL.a(mcalSysTick.o)
                0x00000000080014e4                isSystickExpired
 .text.SysTick_Handler
                0x0000000008001508       0x18 D:\GITHUB\STM32\EDS_2023\MCAL_F40x\Debug\libMCAL.a(mcalSysTick.o)
                0x0000000008001508                SysTick_Handler
 .text.systickUpdateTimerList
                0x0000000008001520       0x54 D:\GITHUB\STM32\EDS_2023\MCAL_F40x\Debug\libMCAL.a(mcalSysTick.o)
                0x0000000008001520                systickUpdateTimerList
 .text.SystemInit
                0x0000000008001574       0x24 D:\GITHUB\STM32\EDS_2023\MCAL_F40x\Debug\libMCAL.a(system_stm32f4xx.o)
                0x0000000008001574                SystemInit
 .text.SystemCoreClockUpdate
                0x0000000008001598      0x100 D:\GITHUB\STM32\EDS_2023\MCAL_F40x\Debug\libMCAL.a(system_stm32f4xx.o)
                0x0000000008001598                SystemCoreClockUpdate
 .text.__errno  0x0000000008001698        0xc c:/st/stm32cubeide_1.12.0/stm32cubeide/plugins/com.st.stm32cube.ide.mcu.externaltools.gnu-tools-for-stm32.10.3-2021.10.win32_1.0.200.202301161003/tools/bin/../lib/gcc/arm-none-eabi/10.3.1/../../../../arm-none-eabi/lib/thumb/v7e-m+fp/softfp\libc_nano.a(lib_a-errno.o)
                0x0000000008001698                __errno
 .text.__libc_init_array
                0x00000000080016a4       0x48 c:/st/stm32cubeide_1.12.0/stm32cubeide/plugins/com.st.stm32cube.ide.mcu.externaltools.gnu-tools-for-stm32.10.3-2021.10.win32_1.0.200.202301161003/tools/bin/../lib/gcc/arm-none-eabi/10.3.1/../../../../arm-none-eabi/lib/thumb/v7e-m+fp/softfp\libc_nano.a(lib_a-init.o)
                0x00000000080016a4                __libc_init_array
 .text.memset   0x00000000080016ec       0x10 c:/st/stm32cubeide_1.12.0/stm32cubeide/plugins/com.st.stm32cube.ide.mcu.externaltools.gnu-tools-for-stm32.10.3-2021.10.win32_1.0.200.202301161003/tools/bin/../lib/gcc/arm-none-eabi/10.3.1/../../../../arm-none-eabi/lib/thumb/v7e-m+fp/softfp\libc_nano.a(lib_a-memset.o)
                0x00000000080016ec                memset
 .text.__cvt    0x00000000080016fc       0xc2 c:/st/stm32cubeide_1.12.0/stm32cubeide/plugins/com.st.stm32cube.ide.mcu.externaltools.gnu-tools-for-stm32.10.3-2021.10.win32_1.0.200.202301161003/tools/bin/../lib/gcc/arm-none-eabi/10.3.1/../../../../arm-none-eabi/lib/thumb/v7e-m+fp/softfp\libc_nano.a(lib_a-nano-vfprintf_float.o)
                0x00000000080016fc                __cvt
 .text.__exponent
                0x00000000080017be       0x7c c:/st/stm32cubeide_1.12.0/stm32cubeide/plugins/com.st.stm32cube.ide.mcu.externaltools.gnu-tools-for-stm32.10.3-2021.10.win32_1.0.200.202301161003/tools/bin/../lib/gcc/arm-none-eabi/10.3.1/../../../../arm-none-eabi/lib/thumb/v7e-m+fp/softfp\libc_nano.a(lib_a-nano-vfprintf_float.o)
                0x00000000080017be                __exponent
 *fill*         0x000000000800183a        0x2 
 .text._printf_float
                0x000000000800183c      0x470 c:/st/stm32cubeide_1.12.0/stm32cubeide/plugins/com.st.stm32cube.ide.mcu.externaltools.gnu-tools-for-stm32.10.3-2021.10.win32_1.0.200.202301161003/tools/bin/../lib/gcc/arm-none-eabi/10.3.1/../../../../arm-none-eabi/lib/thumb/v7e-m+fp/softfp\libc_nano.a(lib_a-nano-vfprintf_float.o)
                0x000000000800183c                _printf_float
 .text._printf_common
                0x0000000008001cac       0xda c:/st/stm32cubeide_1.12.0/stm32cubeide/plugins/com.st.stm32cube.ide.mcu.externaltools.gnu-tools-for-stm32.10.3-2021.10.win32_1.0.200.202301161003/tools/bin/../lib/gcc/arm-none-eabi/10.3.1/../../../../arm-none-eabi/lib/thumb/v7e-m+fp/softfp\libc_nano.a(lib_a-nano-vfprintf_i.o)
                0x0000000008001cac                _printf_common
 *fill*         0x0000000008001d86        0x2 
 .text._printf_i
                0x0000000008001d88      0x24c c:/st/stm32cubeide_1.12.0/stm32cubeide/plugins/com.st.stm32cube.ide.mcu.externaltools.gnu-tools-for-stm32.10.3-2021.10.win32_1.0.200.202301161003/tools/bin/../lib/gcc/arm-none-eabi/10.3.1/../../../../arm-none-eabi/lib/thumb/v7e-m+fp/softfp\libc_nano.a(lib_a-nano-vfprintf_i.o)
                0x0000000008001d88                _printf_i
 .text.quorem   0x0000000008001fd4      0x116 c:/st/stm32cubeide_1.12.0/stm32cubeide/plugins/com.st.stm32cube.ide.mcu.externaltools.gnu-tools-for-stm32.10.3-2021.10.win32_1.0.200.202301161003/tools/bin/../lib/gcc/arm-none-eabi/10.3.1/../../../../arm-none-eabi/lib/thumb/v7e-m+fp/softfp\libc_nano.a(lib_a-dtoa.o)
 *fill*         0x00000000080020ea        0x6 
 .text._dtoa_r  0x00000000080020f0      0xbdc c:/st/stm32cubeide_1.12.0/stm32cubeide/plugins/com.st.stm32cube.ide.mcu.externaltools.gnu-tools-for-stm32.10.3-2021.10.win32_1.0.200.202301161003/tools/bin/../lib/gcc/arm-none-eabi/10.3.1/../../../../arm-none-eabi/lib/thumb/v7e-m+fp/softfp\libc_nano.a(lib_a-dtoa.o)
                0x00000000080020f0                _dtoa_r
 .text._localeconv_r
                0x0000000008002ccc        0x8 c:/st/stm32cubeide_1.12.0/stm32cubeide/plugins/com.st.stm32cube.ide.mcu.externaltools.gnu-tools-for-stm32.10.3-2021.10.win32_1.0.200.202301161003/tools/bin/../lib/gcc/arm-none-eabi/10.3.1/../../../../arm-none-eabi/lib/thumb/v7e-m+fp/softfp\libc_nano.a(lib_a-localeconv.o)
                0x0000000008002ccc                _localeconv_r
 .text.malloc   0x0000000008002cd4       0x10 c:/st/stm32cubeide_1.12.0/stm32cubeide/plugins/com.st.stm32cube.ide.mcu.externaltools.gnu-tools-for-stm32.10.3-2021.10.win32_1.0.200.202301161003/tools/bin/../lib/gcc/arm-none-eabi/10.3.1/../../../../arm-none-eabi/lib/thumb/v7e-m+fp/softfp\libc_nano.a(lib_a-malloc.o)
                0x0000000008002cd4                malloc
 .text.memcpy   0x0000000008002ce4       0x1c c:/st/stm32cubeide_1.12.0/stm32cubeide/plugins/com.st.stm32cube.ide.mcu.externaltools.gnu-tools-for-stm32.10.3-2021.10.win32_1.0.200.202301161003/tools/bin/../lib/gcc/arm-none-eabi/10.3.1/../../../../arm-none-eabi/lib/thumb/v7e-m+fp/softfp\libc_nano.a(lib_a-memcpy-stub.o)
                0x0000000008002ce4                memcpy
 .text._Balloc  0x0000000008002d00       0x80 c:/st/stm32cubeide_1.12.0/stm32cubeide/plugins/com.st.stm32cube.ide.mcu.externaltools.gnu-tools-for-stm32.10.3-2021.10.win32_1.0.200.202301161003/tools/bin/../lib/gcc/arm-none-eabi/10.3.1/../../../../arm-none-eabi/lib/thumb/v7e-m+fp/softfp\libc_nano.a(lib_a-mprec.o)
                0x0000000008002d00                _Balloc
 .text._Bfree   0x0000000008002d80       0x44 c:/st/stm32cubeide_1.12.0/stm32cubeide/plugins/com.st.stm32cube.ide.mcu.externaltools.gnu-tools-for-stm32.10.3-2021.10.win32_1.0.200.202301161003/tools/bin/../lib/gcc/arm-none-eabi/10.3.1/../../../../arm-none-eabi/lib/thumb/v7e-m+fp/softfp\libc_nano.a(lib_a-mprec.o)
                0x0000000008002d80                _Bfree
 .text.__multadd
                0x0000000008002dc4       0x8c c:/st/stm32cubeide_1.12.0/stm32cubeide/plugins/com.st.stm32cube.ide.mcu.externaltools.gnu-tools-for-stm32.10.3-2021.10.win32_1.0.200.202301161003/tools/bin/../lib/gcc/arm-none-eabi/10.3.1/../../../../arm-none-eabi/lib/thumb/v7e-m+fp/softfp\libc_nano.a(lib_a-mprec.o)
                0x0000000008002dc4                __multadd
 .text.__hi0bits
                0x0000000008002e50       0x40 c:/st/stm32cubeide_1.12.0/stm32cubeide/plugins/com.st.stm32cube.ide.mcu.externaltools.gnu-tools-for-stm32.10.3-2021.10.win32_1.0.200.202301161003/tools/bin/../lib/gcc/arm-none-eabi/10.3.1/../../../../arm-none-eabi/lib/thumb/v7e-m+fp/softfp\libc_nano.a(lib_a-mprec.o)
                0x0000000008002e50                __hi0bits
 .text.__lo0bits
                0x0000000008002e90       0x5e c:/st/stm32cubeide_1.12.0/stm32cubeide/plugins/com.st.stm32cube.ide.mcu.externaltools.gnu-tools-for-stm32.10.3-2021.10.win32_1.0.200.202301161003/tools/bin/../lib/gcc/arm-none-eabi/10.3.1/../../../../arm-none-eabi/lib/thumb/v7e-m+fp/softfp\libc_nano.a(lib_a-mprec.o)
                0x0000000008002e90                __lo0bits
 *fill*         0x0000000008002eee        0x2 
 .text.__i2b    0x0000000008002ef0       0x2c c:/st/stm32cubeide_1.12.0/stm32cubeide/plugins/com.st.stm32cube.ide.mcu.externaltools.gnu-tools-for-stm32.10.3-2021.10.win32_1.0.200.202301161003/tools/bin/../lib/gcc/arm-none-eabi/10.3.1/../../../../arm-none-eabi/lib/thumb/v7e-m+fp/softfp\libc_nano.a(lib_a-mprec.o)
                0x0000000008002ef0                __i2b
 .text.__multiply
                0x0000000008002f1c      0x154 c:/st/stm32cubeide_1.12.0/stm32cubeide/plugins/com.st.stm32cube.ide.mcu.externaltools.gnu-tools-for-stm32.10.3-2021.10.win32_1.0.200.202301161003/tools/bin/../lib/gcc/arm-none-eabi/10.3.1/../../../../arm-none-eabi/lib/thumb/v7e-m+fp/softfp\libc_nano.a(lib_a-mprec.o)
                0x0000000008002f1c                __multiply
 .text.__pow5mult
                0x0000000008003070       0xb4 c:/st/stm32cubeide_1.12.0/stm32cubeide/plugins/com.st.stm32cube.ide.mcu.externaltools.gnu-tools-for-stm32.10.3-2021.10.win32_1.0.200.202301161003/tools/bin/../lib/gcc/arm-none-eabi/10.3.1/../../../../arm-none-eabi/lib/thumb/v7e-m+fp/softfp\libc_nano.a(lib_a-mprec.o)
                0x0000000008003070                __pow5mult
 .text.__lshift
                0x0000000008003124       0xe0 c:/st/stm32cubeide_1.12.0/stm32cubeide/plugins/com.st.stm32cube.ide.mcu.externaltools.gnu-tools-for-stm32.10.3-2021.10.win32_1.0.200.202301161003/tools/bin/../lib/gcc/arm-none-eabi/10.3.1/../../../../arm-none-eabi/lib/thumb/v7e-m+fp/softfp\libc_nano.a(lib_a-mprec.o)
                0x0000000008003124                __lshift
 .text.__mcmp   0x0000000008003204       0x38 c:/st/stm32cubeide_1.12.0/stm32cubeide/plugins/com.st.stm32cube.ide.mcu.externaltools.gnu-tools-for-stm32.10.3-2021.10.win32_1.0.200.202301161003/tools/bin/../lib/gcc/arm-none-eabi/10.3.1/../../../../arm-none-eabi/lib/thumb/v7e-m+fp/softfp\libc_nano.a(lib_a-mprec.o)
                0x0000000008003204                __mcmp
 .text.__mdiff  0x000000000800323c      0x114 c:/st/stm32cubeide_1.12.0/stm32cubeide/plugins/com.st.stm32cube.ide.mcu.externaltools.gnu-tools-for-stm32.10.3-2021.10.win32_1.0.200.202301161003/tools/bin/../lib/gcc/arm-none-eabi/10.3.1/../../../../arm-none-eabi/lib/thumb/v7e-m+fp/softfp\libc_nano.a(lib_a-mprec.o)
                0x000000000800323c                __mdiff
 .text.__d2b    0x0000000008003350       0xb4 c:/st/stm32cubeide_1.12.0/stm32cubeide/plugins/com.st.stm32cube.ide.mcu.externaltools.gnu-tools-for-stm32.10.3-2021.10.win32_1.0.200.202301161003/tools/bin/../lib/gcc/arm-none-eabi/10.3.1/../../../../arm-none-eabi/lib/thumb/v7e-m+fp/softfp\libc_nano.a(lib_a-mprec.o)
                0x0000000008003350                __d2b
 .text._calloc_r
                0x0000000008003404       0x2c c:/st/stm32cubeide_1.12.0/stm32cubeide/plugins/com.st.stm32cube.ide.mcu.externaltools.gnu-tools-for-stm32.10.3-2021.10.win32_1.0.200.202301161003/tools/bin/../lib/gcc/arm-none-eabi/10.3.1/../../../../arm-none-eabi/lib/thumb/v7e-m+fp/softfp\libc_nano.a(lib_a-nano-callocr.o)
                0x0000000008003404                _calloc_r
 .text._free_r  0x0000000008003430       0x98 c:/st/stm32cubeide_1.12.0/stm32cubeide/plugins/com.st.stm32cube.ide.mcu.externaltools.gnu-tools-for-stm32.10.3-2021.10.win32_1.0.200.202301161003/tools/bin/../lib/gcc/arm-none-eabi/10.3.1/../../../../arm-none-eabi/lib/thumb/v7e-m+fp/softfp\libc_nano.a(lib_a-nano-freer.o)
                0x0000000008003430                _free_r
 .text.sbrk_aligned
                0x00000000080034c8       0x40 c:/st/stm32cubeide_1.12.0/stm32cubeide/plugins/com.st.stm32cube.ide.mcu.externaltools.gnu-tools-for-stm32.10.3-2021.10.win32_1.0.200.202301161003/tools/bin/../lib/gcc/arm-none-eabi/10.3.1/../../../../arm-none-eabi/lib/thumb/v7e-m+fp/softfp\libc_nano.a(lib_a-nano-mallocr.o)
 .text._malloc_r
                0x0000000008003508       0xe8 c:/st/stm32cubeide_1.12.0/stm32cubeide/plugins/com.st.stm32cube.ide.mcu.externaltools.gnu-tools-for-stm32.10.3-2021.10.win32_1.0.200.202301161003/tools/bin/../lib/gcc/arm-none-eabi/10.3.1/../../../../arm-none-eabi/lib/thumb/v7e-m+fp/softfp\libc_nano.a(lib_a-nano-mallocr.o)
                0x0000000008003508                _malloc_r
 .text._sbrk_r  0x00000000080035f0       0x20 c:/st/stm32cubeide_1.12.0/stm32cubeide/plugins/com.st.stm32cube.ide.mcu.externaltools.gnu-tools-for-stm32.10.3-2021.10.win32_1.0.200.202301161003/tools/bin/../lib/gcc/arm-none-eabi/10.3.1/../../../../arm-none-eabi/lib/thumb/v7e-m+fp/softfp\libc_nano.a(lib_a-sbrkr.o)
                0x00000000080035f0                _sbrk_r
 .text.__assert_func
                0x0000000008003610       0x3c c:/st/stm32cubeide_1.12.0/stm32cubeide/plugins/com.st.stm32cube.ide.mcu.externaltools.gnu-tools-for-stm32.10.3-2021.10.win32_1.0.200.202301161003/tools/bin/../lib/gcc/arm-none-eabi/10.3.1/../../../../arm-none-eabi/lib/thumb/v7e-m+fp/softfp\libc_nano.a(lib_a-assert.o)
                0x0000000008003610                __assert_func
 .text.fprintf  0x000000000800364c       0x24 c:/st/stm32cubeide_1.12.0/stm32cubeide/plugins/com.st.stm32cube.ide.mcu.externaltools.gnu-tools-for-stm32.10.3-2021.10.win32_1.0.200.202301161003/tools/bin/../lib/gcc/arm-none-eabi/10.3.1/../../../../arm-none-eabi/lib/thumb/v7e-m+fp/softfp\libc_nano.a(lib_a-fprintf.o)
                0x000000000800364c                fiprintf
                0x000000000800364c                fprintf
 .text.__ascii_mbtowc
                0x0000000008003670       0x24 c:/st/stm32cubeide_1.12.0/stm32cubeide/plugins/com.st.stm32cube.ide.mcu.externaltools.gnu-tools-for-stm32.10.3-2021.10.win32_1.0.200.202301161003/tools/bin/../lib/gcc/arm-none-eabi/10.3.1/../../../../arm-none-eabi/lib/thumb/v7e-m+fp/softfp\libc_nano.a(lib_a-mbtowc_r.o)
                0x0000000008003670                __ascii_mbtowc
 .text.__malloc_lock
                0x0000000008003694        0xc c:/st/stm32cubeide_1.12.0/stm32cubeide/plugins/com.st.stm32cube.ide.mcu.externaltools.gnu-tools-for-stm32.10.3-2021.10.win32_1.0.200.202301161003/tools/bin/../lib/gcc/arm-none-eabi/10.3.1/../../../../arm-none-eabi/lib/thumb/v7e-m+fp/softfp\libc_nano.a(lib_a-mlock.o)
                0x0000000008003694                __malloc_lock
 .text.__malloc_unlock
                0x00000000080036a0        0xc c:/st/stm32cubeide_1.12.0/stm32cubeide/plugins/com.st.stm32cube.ide.mcu.externaltools.gnu-tools-for-stm32.10.3-2021.10.win32_1.0.200.202301161003/tools/bin/../lib/gcc/arm-none-eabi/10.3.1/../../../../arm-none-eabi/lib/thumb/v7e-m+fp/softfp\libc_nano.a(lib_a-mlock.o)
                0x00000000080036a0                __malloc_unlock
 .text.__sfputc_r
                0x00000000080036ac       0x2e c:/st/stm32cubeide_1.12.0/stm32cubeide/plugins/com.st.stm32cube.ide.mcu.externaltools.gnu-tools-for-stm32.10.3-2021.10.win32_1.0.200.202301161003/tools/bin/../lib/gcc/arm-none-eabi/10.3.1/../../../../arm-none-eabi/lib/thumb/v7e-m+fp/softfp\libc_nano.a(lib_a-nano-vfprintf.o)
 .text.__sfputs_r
                0x00000000080036da       0x24 c:/st/stm32cubeide_1.12.0/stm32cubeide/plugins/com.st.stm32cube.ide.mcu.externaltools.gnu-tools-for-stm32.10.3-2021.10.win32_1.0.200.202301161003/tools/bin/../lib/gcc/arm-none-eabi/10.3.1/../../../../arm-none-eabi/lib/thumb/v7e-m+fp/softfp\libc_nano.a(lib_a-nano-vfprintf.o)
                0x00000000080036da                __sfputs_r
 *fill*         0x00000000080036fe        0x2 
 .text._vfprintf_r
                0x0000000008003700      0x260 c:/st/stm32cubeide_1.12.0/stm32cubeide/plugins/com.st.stm32cube.ide.mcu.externaltools.gnu-tools-for-stm32.10.3-2021.10.win32_1.0.200.202301161003/tools/bin/../lib/gcc/arm-none-eabi/10.3.1/../../../../arm-none-eabi/lib/thumb/v7e-m+fp/softfp\libc_nano.a(lib_a-nano-vfprintf.o)
                0x0000000008003700                _vfprintf_r
                0x0000000008003700                _vfiprintf_r
 .text.__swbuf_r
                0x0000000008003960       0xa4 c:/st/stm32cubeide_1.12.0/stm32cubeide/plugins/com.st.stm32cube.ide.mcu.externaltools.gnu-tools-for-stm32.10.3-2021.10.win32_1.0.200.202301161003/tools/bin/../lib/gcc/arm-none-eabi/10.3.1/../../../../arm-none-eabi/lib/thumb/v7e-m+fp/softfp\libc_nano.a(lib_a-wbuf.o)
                0x0000000008003960                __swbuf_r
 .text.__ascii_wctomb
                0x0000000008003a04       0x1a c:/st/stm32cubeide_1.12.0/stm32cubeide/plugins/com.st.stm32cube.ide.mcu.externaltools.gnu-tools-for-stm32.10.3-2021.10.win32_1.0.200.202301161003/tools/bin/../lib/gcc/arm-none-eabi/10.3.1/../../../../arm-none-eabi/lib/thumb/v7e-m+fp/softfp\libc_nano.a(lib_a-wctomb_r.o)
                0x0000000008003a04                __ascii_wctomb
 *fill*         0x0000000008003a1e        0x2 
 .text.__swsetup_r
                0x0000000008003a20       0xdc c:/st/stm32cubeide_1.12.0/stm32cubeide/plugins/com.st.stm32cube.ide.mcu.externaltools.gnu-tools-for-stm32.10.3-2021.10.win32_1.0.200.202301161003/tools/bin/../lib/gcc/arm-none-eabi/10.3.1/../../../../arm-none-eabi/lib/thumb/v7e-m+fp/softfp\libc_nano.a(lib_a-wsetup.o)
                0x0000000008003a20                __swsetup_r
 .text.abort    0x0000000008003afc        0xe c:/st/stm32cubeide_1.12.0/stm32cubeide/plugins/com.st.stm32cube.ide.mcu.externaltools.gnu-tools-for-stm32.10.3-2021.10.win32_1.0.200.202301161003/tools/bin/../lib/gcc/arm-none-eabi/10.3.1/../../../../arm-none-eabi/lib/thumb/v7e-m+fp/softfp\libc_nano.a(lib_a-abort.o)
                0x0000000008003afc                abort
 *fill*         0x0000000008003b0a        0x2 
 .text.__sflush_r
                0x0000000008003b0c      0x10c c:/st/stm32cubeide_1.12.0/stm32cubeide/plugins/com.st.stm32cube.ide.mcu.externaltools.gnu-tools-for-stm32.10.3-2021.10.win32_1.0.200.202301161003/tools/bin/../lib/gcc/arm-none-eabi/10.3.1/../../../../arm-none-eabi/lib/thumb/v7e-m+fp/softfp\libc_nano.a(lib_a-fflush.o)
                0x0000000008003b0c                __sflush_r
 .text._fflush_r
                0x0000000008003c18       0x78 c:/st/stm32cubeide_1.12.0/stm32cubeide/plugins/com.st.stm32cube.ide.mcu.externaltools.gnu-tools-for-stm32.10.3-2021.10.win32_1.0.200.202301161003/tools/bin/../lib/gcc/arm-none-eabi/10.3.1/../../../../arm-none-eabi/lib/thumb/v7e-m+fp/softfp\libc_nano.a(lib_a-fflush.o)
                0x0000000008003c18                _fflush_r
 .text.std      0x0000000008003c90       0x48 c:/st/stm32cubeide_1.12.0/stm32cubeide/plugins/com.st.stm32cube.ide.mcu.externaltools.gnu-tools-for-stm32.10.3-2021.10.win32_1.0.200.202301161003/tools/bin/../lib/gcc/arm-none-eabi/10.3.1/../../../../arm-none-eabi/lib/thumb/v7e-m+fp/softfp\libc_nano.a(lib_a-findfp.o)
 .text._cleanup_r
                0x0000000008003cd8        0xc c:/st/stm32cubeide_1.12.0/stm32cubeide/plugins/com.st.stm32cube.ide.mcu.externaltools.gnu-tools-for-stm32.10.3-2021.10.win32_1.0.200.202301161003/tools/bin/../lib/gcc/arm-none-eabi/10.3.1/../../../../arm-none-eabi/lib/thumb/v7e-m+fp/softfp\libc_nano.a(lib_a-findfp.o)
                0x0000000008003cd8                _cleanup_r
 .text.__sfmoreglue
                0x0000000008003ce4       0x2c c:/st/stm32cubeide_1.12.0/stm32cubeide/plugins/com.st.stm32cube.ide.mcu.externaltools.gnu-tools-for-stm32.10.3-2021.10.win32_1.0.200.202301161003/tools/bin/../lib/gcc/arm-none-eabi/10.3.1/../../../../arm-none-eabi/lib/thumb/v7e-m+fp/softfp\libc_nano.a(lib_a-findfp.o)
                0x0000000008003ce4                __sfmoreglue
 .text.__sfp_lock_acquire
                0x0000000008003d10        0xc c:/st/stm32cubeide_1.12.0/stm32cubeide/plugins/com.st.stm32cube.ide.mcu.externaltools.gnu-tools-for-stm32.10.3-2021.10.win32_1.0.200.202301161003/tools/bin/../lib/gcc/arm-none-eabi/10.3.1/../../../../arm-none-eabi/lib/thumb/v7e-m+fp/softfp\libc_nano.a(lib_a-findfp.o)
                0x0000000008003d10                __sfp_lock_acquire
 .text.__sfp_lock_release
                0x0000000008003d1c        0xc c:/st/stm32cubeide_1.12.0/stm32cubeide/plugins/com.st.stm32cube.ide.mcu.externaltools.gnu-tools-for-stm32.10.3-2021.10.win32_1.0.200.202301161003/tools/bin/../lib/gcc/arm-none-eabi/10.3.1/../../../../arm-none-eabi/lib/thumb/v7e-m+fp/softfp\libc_nano.a(lib_a-findfp.o)
                0x0000000008003d1c                __sfp_lock_release
 .text.__sinit_lock_acquire
                0x0000000008003d28        0xc c:/st/stm32cubeide_1.12.0/stm32cubeide/plugins/com.st.stm32cube.ide.mcu.externaltools.gnu-tools-for-stm32.10.3-2021.10.win32_1.0.200.202301161003/tools/bin/../lib/gcc/arm-none-eabi/10.3.1/../../../../arm-none-eabi/lib/thumb/v7e-m+fp/softfp\libc_nano.a(lib_a-findfp.o)
                0x0000000008003d28                __sinit_lock_acquire
 .text.__sinit_lock_release
                0x0000000008003d34        0xc c:/st/stm32cubeide_1.12.0/stm32cubeide/plugins/com.st.stm32cube.ide.mcu.externaltools.gnu-tools-for-stm32.10.3-2021.10.win32_1.0.200.202301161003/tools/bin/../lib/gcc/arm-none-eabi/10.3.1/../../../../arm-none-eabi/lib/thumb/v7e-m+fp/softfp\libc_nano.a(lib_a-findfp.o)
                0x0000000008003d34                __sinit_lock_release
 .text.__sinit  0x0000000008003d40       0x70 c:/st/stm32cubeide_1.12.0/stm32cubeide/plugins/com.st.stm32cube.ide.mcu.externaltools.gnu-tools-for-stm32.10.3-2021.10.win32_1.0.200.202301161003/tools/bin/../lib/gcc/arm-none-eabi/10.3.1/../../../../arm-none-eabi/lib/thumb/v7e-m+fp/softfp\libc_nano.a(lib_a-findfp.o)
                0x0000000008003d40                __sinit
 .text.__sfp    0x0000000008003db0       0x8c c:/st/stm32cubeide_1.12.0/stm32cubeide/plugins/com.st.stm32cube.ide.mcu.externaltools.gnu-tools-for-stm32.10.3-2021.10.win32_1.0.200.202301161003/tools/bin/../lib/gcc/arm-none-eabi/10.3.1/../../../../arm-none-eabi/lib/thumb/v7e-m+fp/softfp\libc_nano.a(lib_a-findfp.o)
                0x0000000008003db0                __sfp
 .text._fwalk_reent
                0x0000000008003e3c       0x3e c:/st/stm32cubeide_1.12.0/stm32cubeide/plugins/com.st.stm32cube.ide.mcu.externaltools.gnu-tools-for-stm32.10.3-2021.10.win32_1.0.200.202301161003/tools/bin/../lib/gcc/arm-none-eabi/10.3.1/../../../../arm-none-eabi/lib/thumb/v7e-m+fp/softfp\libc_nano.a(lib_a-fwalk.o)
                0x0000000008003e3c                _fwalk_reent
 .text.__retarget_lock_init_recursive
                0x0000000008003e7a        0x2 c:/st/stm32cubeide_1.12.0/stm32cubeide/plugins/com.st.stm32cube.ide.mcu.externaltools.gnu-tools-for-stm32.10.3-2021.10.win32_1.0.200.202301161003/tools/bin/../lib/gcc/arm-none-eabi/10.3.1/../../../../arm-none-eabi/lib/thumb/v7e-m+fp/softfp\libc_nano.a(lib_a-lock.o)
                0x0000000008003e7a                __retarget_lock_init_recursive
 .text.__retarget_lock_acquire_recursive
                0x0000000008003e7c        0x2 c:/st/stm32cubeide_1.12.0/stm32cubeide/plugins/com.st.stm32cube.ide.mcu.externaltools.gnu-tools-for-stm32.10.3-2021.10.win32_1.0.200.202301161003/tools/bin/../lib/gcc/arm-none-eabi/10.3.1/../../../../arm-none-eabi/lib/thumb/v7e-m+fp/softfp\libc_nano.a(lib_a-lock.o)
                0x0000000008003e7c                __retarget_lock_acquire_recursive
 .text.__retarget_lock_release_recursive
                0x0000000008003e7e        0x2 c:/st/stm32cubeide_1.12.0/stm32cubeide/plugins/com.st.stm32cube.ide.mcu.externaltools.gnu-tools-for-stm32.10.3-2021.10.win32_1.0.200.202301161003/tools/bin/../lib/gcc/arm-none-eabi/10.3.1/../../../../arm-none-eabi/lib/thumb/v7e-m+fp/softfp\libc_nano.a(lib_a-lock.o)
                0x0000000008003e7e                __retarget_lock_release_recursive
 .text.__swhatbuf_r
                0x0000000008003e80       0x4a c:/st/stm32cubeide_1.12.0/stm32cubeide/plugins/com.st.stm32cube.ide.mcu.externaltools.gnu-tools-for-stm32.10.3-2021.10.win32_1.0.200.202301161003/tools/bin/../lib/gcc/arm-none-eabi/10.3.1/../../../../arm-none-eabi/lib/thumb/v7e-m+fp/softfp\libc_nano.a(lib_a-makebuf.o)
                0x0000000008003e80                __swhatbuf_r
 *fill*         0x0000000008003eca        0x2 
 .text.__smakebuf_r
                0x0000000008003ecc       0x80 c:/st/stm32cubeide_1.12.0/stm32cubeide/plugins/com.st.stm32cube.ide.mcu.externaltools.gnu-tools-for-stm32.10.3-2021.10.win32_1.0.200.202301161003/tools/bin/../lib/gcc/arm-none-eabi/10.3.1/../../../../arm-none-eabi/lib/thumb/v7e-m+fp/softfp\libc_nano.a(lib_a-makebuf.o)
                0x0000000008003ecc                __smakebuf_r
 .text._raise_r
                0x0000000008003f4c       0x50 c:/st/stm32cubeide_1.12.0/stm32cubeide/plugins/com.st.stm32cube.ide.mcu.externaltools.gnu-tools-for-stm32.10.3-2021.10.win32_1.0.200.202301161003/tools/bin/../lib/gcc/arm-none-eabi/10.3.1/../../../../arm-none-eabi/lib/thumb/v7e-m+fp/softfp\libc_nano.a(lib_a-signal.o)
                0x0000000008003f4c                _raise_r
 .text.raise    0x0000000008003f9c       0x10 c:/st/stm32cubeide_1.12.0/stm32cubeide/plugins/com.st.stm32cube.ide.mcu.externaltools.gnu-tools-for-stm32.10.3-2021.10.win32_1.0.200.202301161003/tools/bin/../lib/gcc/arm-none-eabi/10.3.1/../../../../arm-none-eabi/lib/thumb/v7e-m+fp/softfp\libc_nano.a(lib_a-signal.o)
                0x0000000008003f9c                raise
 .text._kill_r  0x0000000008003fac       0x24 c:/st/stm32cubeide_1.12.0/stm32cubeide/plugins/com.st.stm32cube.ide.mcu.externaltools.gnu-tools-for-stm32.10.3-2021.10.win32_1.0.200.202301161003/tools/bin/../lib/gcc/arm-none-eabi/10.3.1/../../../../arm-none-eabi/lib/thumb/v7e-m+fp/softfp\libc_nano.a(lib_a-signalr.o)
                0x0000000008003fac                _kill_r
 .text._getpid_r
                0x0000000008003fd0        0x4 c:/st/stm32cubeide_1.12.0/stm32cubeide/plugins/com.st.stm32cube.ide.mcu.externaltools.gnu-tools-for-stm32.10.3-2021.10.win32_1.0.200.202301161003/tools/bin/../lib/gcc/arm-none-eabi/10.3.1/../../../../arm-none-eabi/lib/thumb/v7e-m+fp/softfp\libc_nano.a(lib_a-signalr.o)
                0x0000000008003fd0                _getpid_r
 .text.__sread  0x0000000008003fd4       0x22 c:/st/stm32cubeide_1.12.0/stm32cubeide/plugins/com.st.stm32cube.ide.mcu.externaltools.gnu-tools-for-stm32.10.3-2021.10.win32_1.0.200.202301161003/tools/bin/../lib/gcc/arm-none-eabi/10.3.1/../../../../arm-none-eabi/lib/thumb/v7e-m+fp/softfp\libc_nano.a(lib_a-stdio.o)
                0x0000000008003fd4                __sread
 .text.__swrite
                0x0000000008003ff6       0x38 c:/st/stm32cubeide_1.12.0/stm32cubeide/plugins/com.st.stm32cube.ide.mcu.externaltools.gnu-tools-for-stm32.10.3-2021.10.win32_1.0.200.202301161003/tools/bin/../lib/gcc/arm-none-eabi/10.3.1/../../../../arm-none-eabi/lib/thumb/v7e-m+fp/softfp\libc_nano.a(lib_a-stdio.o)
                0x0000000008003ff6                __swrite
 .text.__sseek  0x000000000800402e       0x24 c:/st/stm32cubeide_1.12.0/stm32cubeide/plugins/com.st.stm32cube.ide.mcu.externaltools.gnu-tools-for-stm32.10.3-2021.10.win32_1.0.200.202301161003/tools/bin/../lib/gcc/arm-none-eabi/10.3.1/../../../../arm-none-eabi/lib/thumb/v7e-m+fp/softfp\libc_nano.a(lib_a-stdio.o)
                0x000000000800402e                __sseek
 .text.__sclose
                0x0000000008004052        0x8 c:/st/stm32cubeide_1.12.0/stm32cubeide/plugins/com.st.stm32cube.ide.mcu.externaltools.gnu-tools-for-stm32.10.3-2021.10.win32_1.0.200.202301161003/tools/bin/../lib/gcc/arm-none-eabi/10.3.1/../../../../arm-none-eabi/lib/thumb/v7e-m+fp/softfp\libc_nano.a(lib_a-stdio.o)
                0x0000000008004052                __sclose
 *fill*         0x000000000800405a        0x2 
 .text._write_r
                0x000000000800405c       0x24 c:/st/stm32cubeide_1.12.0/stm32cubeide/plugins/com.st.stm32cube.ide.mcu.externaltools.gnu-tools-for-stm32.10.3-2021.10.win32_1.0.200.202301161003/tools/bin/../lib/gcc/arm-none-eabi/10.3.1/../../../../arm-none-eabi/lib/thumb/v7e-m+fp/softfp\libc_nano.a(lib_a-writer.o)
                0x000000000800405c                _write_r
 .text._close_r
                0x0000000008004080       0x20 c:/st/stm32cubeide_1.12.0/stm32cubeide/plugins/com.st.stm32cube.ide.mcu.externaltools.gnu-tools-for-stm32.10.3-2021.10.win32_1.0.200.202301161003/tools/bin/../lib/gcc/arm-none-eabi/10.3.1/../../../../arm-none-eabi/lib/thumb/v7e-m+fp/softfp\libc_nano.a(lib_a-closer.o)
                0x0000000008004080                _close_r
 .text._fstat_r
                0x00000000080040a0       0x24 c:/st/stm32cubeide_1.12.0/stm32cubeide/plugins/com.st.stm32cube.ide.mcu.externaltools.gnu-tools-for-stm32.10.3-2021.10.win32_1.0.200.202301161003/tools/bin/../lib/gcc/arm-none-eabi/10.3.1/../../../../arm-none-eabi/lib/thumb/v7e-m+fp/softfp\libc_nano.a(lib_a-fstatr.o)
                0x00000000080040a0                _fstat_r
 .text._isatty_r
                0x00000000080040c4       0x20 c:/st/stm32cubeide_1.12.0/stm32cubeide/plugins/com.st.stm32cube.ide.mcu.externaltools.gnu-tools-for-stm32.10.3-2021.10.win32_1.0.200.202301161003/tools/bin/../lib/gcc/arm-none-eabi/10.3.1/../../../../arm-none-eabi/lib/thumb/v7e-m+fp/softfp\libc_nano.a(lib_a-isattyr.o)
                0x00000000080040c4                _isatty_r
 .text._lseek_r
                0x00000000080040e4       0x24 c:/st/stm32cubeide_1.12.0/stm32cubeide/plugins/com.st.stm32cube.ide.mcu.externaltools.gnu-tools-for-stm32.10.3-2021.10.win32_1.0.200.202301161003/tools/bin/../lib/gcc/arm-none-eabi/10.3.1/../../../../arm-none-eabi/lib/thumb/v7e-m+fp/softfp\libc_nano.a(lib_a-lseekr.o)
                0x00000000080040e4                _lseek_r
 .text._read_r  0x0000000008004108       0x24 c:/st/stm32cubeide_1.12.0/stm32cubeide/plugins/com.st.stm32cube.ide.mcu.externaltools.gnu-tools-for-stm32.10.3-2021.10.win32_1.0.200.202301161003/tools/bin/../lib/gcc/arm-none-eabi/10.3.1/../../../../arm-none-eabi/lib/thumb/v7e-m+fp/softfp\libc_nano.a(lib_a-readr.o)
                0x0000000008004108                _read_r
 *(.glue_7)
 .glue_7        0x000000000800412c        0x0 linker stubs
 *(.glue_7t)
 .glue_7t       0x000000000800412c        0x0 linker stubs
 *(.eh_frame)
 .eh_frame      0x000000000800412c        0x0 c:/st/stm32cubeide_1.12.0/stm32cubeide/plugins/com.st.stm32cube.ide.mcu.externaltools.gnu-tools-for-stm32.10.3-2021.10.win32_1.0.200.202301161003/tools/bin/../lib/gcc/arm-none-eabi/10.3.1/thumb/v7e-m+fp/softfp/crtbegin.o
 *(.init)
 .init          0x000000000800412c        0x4 c:/st/stm32cubeide_1.12.0/stm32cubeide/plugins/com.st.stm32cube.ide.mcu.externaltools.gnu-tools-for-stm32.10.3-2021.10.win32_1.0.200.202301161003/tools/bin/../lib/gcc/arm-none-eabi/10.3.1/thumb/v7e-m+fp/softfp/crti.o
                0x000000000800412c                _init
 .init          0x0000000008004130        0x8 c:/st/stm32cubeide_1.12.0/stm32cubeide/plugins/com.st.stm32cube.ide.mcu.externaltools.gnu-tools-for-stm32.10.3-2021.10.win32_1.0.200.202301161003/tools/bin/../lib/gcc/arm-none-eabi/10.3.1/thumb/v7e-m+fp/softfp/crtn.o
 *(.fini)
 .fini          0x0000000008004138        0x4 c:/st/stm32cubeide_1.12.0/stm32cubeide/plugins/com.st.stm32cube.ide.mcu.externaltools.gnu-tools-for-stm32.10.3-2021.10.win32_1.0.200.202301161003/tools/bin/../lib/gcc/arm-none-eabi/10.3.1/thumb/v7e-m+fp/softfp/crti.o
                0x0000000008004138                _fini
 .fini          0x000000000800413c        0x8 c:/st/stm32cubeide_1.12.0/stm32cubeide/plugins/com.st.stm32cube.ide.mcu.externaltools.gnu-tools-for-stm32.10.3-2021.10.win32_1.0.200.202301161003/tools/bin/../lib/gcc/arm-none-eabi/10.3.1/thumb/v7e-m+fp/softfp/crtn.o
                0x0000000008004144                . = ALIGN (0x4)
                0x0000000008004144                _etext = .

.vfp11_veneer   0x0000000008004144        0x0
 .vfp11_veneer  0x0000000008004144        0x0 linker stubs

.v4_bx          0x0000000008004144        0x0
 .v4_bx         0x0000000008004144        0x0 linker stubs

.iplt           0x0000000008004144        0x0
 .iplt          0x0000000008004144        0x0 c:/st/stm32cubeide_1.12.0/stm32cubeide/plugins/com.st.stm32cube.ide.mcu.externaltools.gnu-tools-for-stm32.10.3-2021.10.win32_1.0.200.202301161003/tools/bin/../lib/gcc/arm-none-eabi/10.3.1/thumb/v7e-m+fp/softfp/crtbegin.o

.rodata         0x0000000008004148      0x3ec
                0x0000000008004148                . = ALIGN (0x4)
 *(.rodata)
 *(.rodata*)
 .rodata.AHBPrescTable
                0x0000000008004148       0x10 D:\GITHUB\STM32\EDS_2023\MCAL_F40x\Debug\libMCAL.a(system_stm32f4xx.o)
                0x0000000008004148                AHBPrescTable
 .rodata._global_impure_ptr
                0x0000000008004158        0x4 c:/st/stm32cubeide_1.12.0/stm32cubeide/plugins/com.st.stm32cube.ide.mcu.externaltools.gnu-tools-for-stm32.10.3-2021.10.win32_1.0.200.202301161003/tools/bin/../lib/gcc/arm-none-eabi/10.3.1/../../../../arm-none-eabi/lib/thumb/v7e-m+fp/softfp\libc_nano.a(lib_a-impure.o)
                0x0000000008004158                _global_impure_ptr
 .rodata._printf_float.str1.1
                0x000000000800415c       0x12 c:/st/stm32cubeide_1.12.0/stm32cubeide/plugins/com.st.stm32cube.ide.mcu.externaltools.gnu-tools-for-stm32.10.3-2021.10.win32_1.0.200.202301161003/tools/bin/../lib/gcc/arm-none-eabi/10.3.1/../../../../arm-none-eabi/lib/thumb/v7e-m+fp/softfp\libc_nano.a(lib_a-nano-vfprintf_float.o)
 .rodata._printf_i.str1.1
                0x000000000800416e       0x22 c:/st/stm32cubeide_1.12.0/stm32cubeide/plugins/com.st.stm32cube.ide.mcu.externaltools.gnu-tools-for-stm32.10.3-2021.10.win32_1.0.200.202301161003/tools/bin/../lib/gcc/arm-none-eabi/10.3.1/../../../../arm-none-eabi/lib/thumb/v7e-m+fp/softfp\libc_nano.a(lib_a-nano-vfprintf_i.o)
 .rodata._dtoa_r.str1.1
                0x0000000008004190       0x90 c:/st/stm32cubeide_1.12.0/stm32cubeide/plugins/com.st.stm32cube.ide.mcu.externaltools.gnu-tools-for-stm32.10.3-2021.10.win32_1.0.200.202301161003/tools/bin/../lib/gcc/arm-none-eabi/10.3.1/../../../../arm-none-eabi/lib/thumb/v7e-m+fp/softfp\libc_nano.a(lib_a-dtoa.o)
                                         0x92 (size before relaxing)
 .rodata._Balloc.str1.1
                0x0000000008004220       0x5c c:/st/stm32cubeide_1.12.0/stm32cubeide/plugins/com.st.stm32cube.ide.mcu.externaltools.gnu-tools-for-stm32.10.3-2021.10.win32_1.0.200.202301161003/tools/bin/../lib/gcc/arm-none-eabi/10.3.1/../../../../arm-none-eabi/lib/thumb/v7e-m+fp/softfp\libc_nano.a(lib_a-mprec.o)
                                         0x73 (size before relaxing)
 .rodata.__multadd.str1.1
                0x000000000800427c       0x11 c:/st/stm32cubeide_1.12.0/stm32cubeide/plugins/com.st.stm32cube.ide.mcu.externaltools.gnu-tools-for-stm32.10.3-2021.10.win32_1.0.200.202301161003/tools/bin/../lib/gcc/arm-none-eabi/10.3.1/../../../../arm-none-eabi/lib/thumb/v7e-m+fp/softfp\libc_nano.a(lib_a-mprec.o)
 *fill*         0x000000000800427c        0x4 
 .rodata.__mprec_bigtens
                0x0000000008004280       0x28 c:/st/stm32cubeide_1.12.0/stm32cubeide/plugins/com.st.stm32cube.ide.mcu.externaltools.gnu-tools-for-stm32.10.3-2021.10.win32_1.0.200.202301161003/tools/bin/../lib/gcc/arm-none-eabi/10.3.1/../../../../arm-none-eabi/lib/thumb/v7e-m+fp/softfp\libc_nano.a(lib_a-mprec.o)
                0x0000000008004280                __mprec_bigtens
 .rodata.__mprec_tens
                0x00000000080042a8       0xc8 c:/st/stm32cubeide_1.12.0/stm32cubeide/plugins/com.st.stm32cube.ide.mcu.externaltools.gnu-tools-for-stm32.10.3-2021.10.win32_1.0.200.202301161003/tools/bin/../lib/gcc/arm-none-eabi/10.3.1/../../../../arm-none-eabi/lib/thumb/v7e-m+fp/softfp\libc_nano.a(lib_a-mprec.o)
                0x00000000080042a8                __mprec_tens
 .rodata.p05.0  0x0000000008004370        0xc c:/st/stm32cubeide_1.12.0/stm32cubeide/plugins/com.st.stm32cube.ide.mcu.externaltools.gnu-tools-for-stm32.10.3-2021.10.win32_1.0.200.202301161003/tools/bin/../lib/gcc/arm-none-eabi/10.3.1/../../../../arm-none-eabi/lib/thumb/v7e-m+fp/softfp\libc_nano.a(lib_a-mprec.o)
 .rodata.__assert_func.str1.1
                0x000000000800437c       0x3c c:/st/stm32cubeide_1.12.0/stm32cubeide/plugins/com.st.stm32cube.ide.mcu.externaltools.gnu-tools-for-stm32.10.3-2021.10.win32_1.0.200.202301161003/tools/bin/../lib/gcc/arm-none-eabi/10.3.1/../../../../arm-none-eabi/lib/thumb/v7e-m+fp/softfp\libc_nano.a(lib_a-assert.o)
                                         0x3d (size before relaxing)
 .rodata._setlocale_r.str1.1
                0x00000000080043b8        0x8 c:/st/stm32cubeide_1.12.0/stm32cubeide/plugins/com.st.stm32cube.ide.mcu.externaltools.gnu-tools-for-stm32.10.3-2021.10.win32_1.0.200.202301161003/tools/bin/../lib/gcc/arm-none-eabi/10.3.1/../../../../arm-none-eabi/lib/thumb/v7e-m+fp/softfp\libc_nano.a(lib_a-locale.o)
                                          0x9 (size before relaxing)
 .rodata.str1.1
                0x00000000080043c0        0x2 c:/st/stm32cubeide_1.12.0/stm32cubeide/plugins/com.st.stm32cube.ide.mcu.externaltools.gnu-tools-for-stm32.10.3-2021.10.win32_1.0.200.202301161003/tools/bin/../lib/gcc/arm-none-eabi/10.3.1/../../../../arm-none-eabi/lib/thumb/v7e-m+fp/softfp\libc_nano.a(lib_a-locale.o)
 .rodata._vfprintf_r.str1.1
                0x00000000080043c2       0x11 c:/st/stm32cubeide_1.12.0/stm32cubeide/plugins/com.st.stm32cube.ide.mcu.externaltools.gnu-tools-for-stm32.10.3-2021.10.win32_1.0.200.202301161003/tools/bin/../lib/gcc/arm-none-eabi/10.3.1/../../../../arm-none-eabi/lib/thumb/v7e-m+fp/softfp\libc_nano.a(lib_a-nano-vfprintf.o)
 .rodata._ctype_
                0x00000000080043d3      0x101 c:/st/stm32cubeide_1.12.0/stm32cubeide/plugins/com.st.stm32cube.ide.mcu.externaltools.gnu-tools-for-stm32.10.3-2021.10.win32_1.0.200.202301161003/tools/bin/../lib/gcc/arm-none-eabi/10.3.1/../../../../arm-none-eabi/lib/thumb/v7e-m+fp/softfp\libc_nano.a(lib_a-ctype_.o)
                0x00000000080043d3                _ctype_
 .rodata.__sf_fake_stderr
                0x00000000080044d4       0x20 c:/st/stm32cubeide_1.12.0/stm32cubeide/plugins/com.st.stm32cube.ide.mcu.externaltools.gnu-tools-for-stm32.10.3-2021.10.win32_1.0.200.202301161003/tools/bin/../lib/gcc/arm-none-eabi/10.3.1/../../../../arm-none-eabi/lib/thumb/v7e-m+fp/softfp\libc_nano.a(lib_a-findfp.o)
                0x00000000080044d4                __sf_fake_stderr
 .rodata.__sf_fake_stdin
                0x00000000080044f4       0x20 c:/st/stm32cubeide_1.12.0/stm32cubeide/plugins/com.st.stm32cube.ide.mcu.externaltools.gnu-tools-for-stm32.10.3-2021.10.win32_1.0.200.202301161003/tools/bin/../lib/gcc/arm-none-eabi/10.3.1/../../../../arm-none-eabi/lib/thumb/v7e-m+fp/softfp\libc_nano.a(lib_a-findfp.o)
                0x00000000080044f4                __sf_fake_stdin
 .rodata.__sf_fake_stdout
                0x0000000008004514       0x20 c:/st/stm32cubeide_1.12.0/stm32cubeide/plugins/com.st.stm32cube.ide.mcu.externaltools.gnu-tools-for-stm32.10.3-2021.10.win32_1.0.200.202301161003/tools/bin/../lib/gcc/arm-none-eabi/10.3.1/../../../../arm-none-eabi/lib/thumb/v7e-m+fp/softfp\libc_nano.a(lib_a-findfp.o)
                0x0000000008004514                __sf_fake_stdout
                0x0000000008004534                . = ALIGN (0x4)

.rel.dyn        0x0000000008004534        0x0
 .rel.iplt      0x0000000008004534        0x0 c:/st/stm32cubeide_1.12.0/stm32cubeide/plugins/com.st.stm32cube.ide.mcu.externaltools.gnu-tools-for-stm32.10.3-2021.10.win32_1.0.200.202301161003/tools/bin/../lib/gcc/arm-none-eabi/10.3.1/thumb/v7e-m+fp/softfp/crtbegin.o

.ARM.extab      0x0000000008004534        0x0
                0x0000000008004534                . = ALIGN (0x4)
 *(.ARM.extab* .gnu.linkonce.armextab.*)
                0x0000000008004534                . = ALIGN (0x4)

.ARM            0x0000000008004534        0x0
                0x0000000008004534                . = ALIGN (0x4)
                0x0000000008004534                __exidx_start = .
 *(.ARM.exidx*)
                0x0000000008004534                __exidx_end = .
                0x0000000008004534                . = ALIGN (0x4)

.preinit_array  0x0000000008004534        0x0
                0x0000000008004534                . = ALIGN (0x4)
                0x0000000008004534                PROVIDE (__preinit_array_start = .)
 *(.preinit_array*)
                0x0000000008004534                PROVIDE (__preinit_array_end = .)
                0x0000000008004534                . = ALIGN (0x4)

.init_array     0x0000000008004534        0x4
                0x0000000008004534                . = ALIGN (0x4)
                0x0000000008004534                PROVIDE (__init_array_start = .)
 *(SORT_BY_NAME(.init_array.*))
 *(.init_array*)
 .init_array    0x0000000008004534        0x4 c:/st/stm32cubeide_1.12.0/stm32cubeide/plugins/com.st.stm32cube.ide.mcu.externaltools.gnu-tools-for-stm32.10.3-2021.10.win32_1.0.200.202301161003/tools/bin/../lib/gcc/arm-none-eabi/10.3.1/thumb/v7e-m+fp/softfp/crtbegin.o
                0x0000000008004538                PROVIDE (__init_array_end = .)
                0x0000000008004538                . = ALIGN (0x4)

.fini_array     0x0000000008004538        0x4
                0x0000000008004538                . = ALIGN (0x4)
                [!provide]                        PROVIDE (__fini_array_start = .)
 *(SORT_BY_NAME(.fini_array.*))
 *(.fini_array*)
 .fini_array    0x0000000008004538        0x4 c:/st/stm32cubeide_1.12.0/stm32cubeide/plugins/com.st.stm32cube.ide.mcu.externaltools.gnu-tools-for-stm32.10.3-2021.10.win32_1.0.200.202301161003/tools/bin/../lib/gcc/arm-none-eabi/10.3.1/thumb/v7e-m+fp/softfp/crtbegin.o
                [!provide]                        PROVIDE (__fini_array_end = .)
                0x000000000800453c                . = ALIGN (0x4)
                0x000000000800453c                _sidata = LOADADDR (.data)

.data           0x0000000020000000      0x1d4 load address 0x000000000800453c
                0x0000000020000000                . = ALIGN (0x4)
                0x0000000020000000                _sdata = .
 *(.data)
 *(.data*)
 .data.SystemCoreClock
                0x0000000020000000        0x4 D:\GITHUB\STM32\EDS_2023\MCAL_F40x\Debug\libMCAL.a(system_stm32f4xx.o)
                0x0000000020000000                SystemCoreClock
 .data._impure_ptr
                0x0000000020000004        0x4 c:/st/stm32cubeide_1.12.0/stm32cubeide/plugins/com.st.stm32cube.ide.mcu.externaltools.gnu-tools-for-stm32.10.3-2021.10.win32_1.0.200.202301161003/tools/bin/../lib/gcc/arm-none-eabi/10.3.1/../../../../arm-none-eabi/lib/thumb/v7e-m+fp/softfp\libc_nano.a(lib_a-impure.o)
                0x0000000020000004                _impure_ptr
 .data.impure_data
                0x0000000020000008       0x60 c:/st/stm32cubeide_1.12.0/stm32cubeide/plugins/com.st.stm32cube.ide.mcu.externaltools.gnu-tools-for-stm32.10.3-2021.10.win32_1.0.200.202301161003/tools/bin/../lib/gcc/arm-none-eabi/10.3.1/../../../../arm-none-eabi/lib/thumb/v7e-m+fp/softfp\libc_nano.a(lib_a-impure.o)
 .data.__global_locale
                0x0000000020000068      0x16c c:/st/stm32cubeide_1.12.0/stm32cubeide/plugins/com.st.stm32cube.ide.mcu.externaltools.gnu-tools-for-stm32.10.3-2021.10.win32_1.0.200.202301161003/tools/bin/../lib/gcc/arm-none-eabi/10.3.1/../../../../arm-none-eabi/lib/thumb/v7e-m+fp/softfp\libc_nano.a(lib_a-locale.o)
                0x0000000020000068                __global_locale
 *(.RamFunc)
 *(.RamFunc*)
                0x00000000200001d4                . = ALIGN (0x4)
                0x00000000200001d4                _edata = .

.igot.plt       0x00000000200001d4        0x0 load address 0x0000000008004710
 .igot.plt      0x00000000200001d4        0x0 c:/st/stm32cubeide_1.12.0/stm32cubeide/plugins/com.st.stm32cube.ide.mcu.externaltools.gnu-tools-for-stm32.10.3-2021.10.win32_1.0.200.202301161003/tools/bin/../lib/gcc/arm-none-eabi/10.3.1/thumb/v7e-m+fp/softfp/crtbegin.o
                0x00000000200001d4                . = ALIGN (0x4)

.bss            0x00000000200001d4       0x34 load address 0x0000000008004710
                0x00000000200001d4                _sbss = .
                0x00000000200001d4                __bss_start__ = _sbss
 *(.bss)
 .bss           0x00000000200001d4       0x1c c:/st/stm32cubeide_1.12.0/stm32cubeide/plugins/com.st.stm32cube.ide.mcu.externaltools.gnu-tools-for-stm32.10.3-2021.10.win32_1.0.200.202301161003/tools/bin/../lib/gcc/arm-none-eabi/10.3.1/thumb/v7e-m+fp/softfp/crtbegin.o
 *(.bss*)
 .bss.timerTrigger
                0x00000000200001f0        0x1 ./Src/main.o
                0x00000000200001f0                timerTrigger
 *fill*         0x00000000200001f1        0x3 
 .bss.__sbrk_heap_end
                0x00000000200001f4        0x4 ./Src/sysmem.o
 .bss.__malloc_free_list
                0x00000000200001f8        0x4 c:/st/stm32cubeide_1.12.0/stm32cubeide/plugins/com.st.stm32cube.ide.mcu.externaltools.gnu-tools-for-stm32.10.3-2021.10.win32_1.0.200.202301161003/tools/bin/../lib/gcc/arm-none-eabi/10.3.1/../../../../arm-none-eabi/lib/thumb/v7e-m+fp/softfp\libc_nano.a(lib_a-nano-mallocr.o)
                0x00000000200001f8                __malloc_free_list
 .bss.__malloc_sbrk_start
                0x00000000200001fc        0x4 c:/st/stm32cubeide_1.12.0/stm32cubeide/plugins/com.st.stm32cube.ide.mcu.externaltools.gnu-tools-for-stm32.10.3-2021.10.win32_1.0.200.202301161003/tools/bin/../lib/gcc/arm-none-eabi/10.3.1/../../../../arm-none-eabi/lib/thumb/v7e-m+fp/softfp\libc_nano.a(lib_a-nano-mallocr.o)
                0x00000000200001fc                __malloc_sbrk_start
 .bss.errno     0x0000000020000200        0x4 c:/st/stm32cubeide_1.12.0/stm32cubeide/plugins/com.st.stm32cube.ide.mcu.externaltools.gnu-tools-for-stm32.10.3-2021.10.win32_1.0.200.202301161003/tools/bin/../lib/gcc/arm-none-eabi/10.3.1/../../../../arm-none-eabi/lib/thumb/v7e-m+fp/softfp\libc_nano.a(lib_a-reent.o)
                0x0000000020000200                errno
 .bss.__lock___malloc_recursive_mutex
                0x0000000020000204        0x1 c:/st/stm32cubeide_1.12.0/stm32cubeide/plugins/com.st.stm32cube.ide.mcu.externaltools.gnu-tools-for-stm32.10.3-2021.10.win32_1.0.200.202301161003/tools/bin/../lib/gcc/arm-none-eabi/10.3.1/../../../../arm-none-eabi/lib/thumb/v7e-m+fp/softfp\libc_nano.a(lib_a-lock.o)
                0x0000000020000204                __lock___malloc_recursive_mutex
 .bss.__lock___sfp_recursive_mutex
                0x0000000020000205        0x1 c:/st/stm32cubeide_1.12.0/stm32cubeide/plugins/com.st.stm32cube.ide.mcu.externaltools.gnu-tools-for-stm32.10.3-2021.10.win32_1.0.200.202301161003/tools/bin/../lib/gcc/arm-none-eabi/10.3.1/../../../../arm-none-eabi/lib/thumb/v7e-m+fp/softfp\libc_nano.a(lib_a-lock.o)
                0x0000000020000205                __lock___sfp_recursive_mutex
 .bss.__lock___sinit_recursive_mutex
                0x0000000020000206        0x1 c:/st/stm32cubeide_1.12.0/stm32cubeide/plugins/com.st.stm32cube.ide.mcu.externaltools.gnu-tools-for-stm32.10.3-2021.10.win32_1.0.200.202301161003/tools/bin/../lib/gcc/arm-none-eabi/10.3.1/../../../../arm-none-eabi/lib/thumb/v7e-m+fp/softfp\libc_nano.a(lib_a-lock.o)
                0x0000000020000206                __lock___sinit_recursive_mutex
 *(COMMON)
                0x0000000020000208                . = ALIGN (0x4)
 *fill*         0x0000000020000207        0x1 
                0x0000000020000208                _ebss = .
                0x0000000020000208                __bss_end__ = _ebss

._user_heap_stack
                0x0000000020000208      0x600 load address 0x0000000008004710
                0x0000000020000208                . = ALIGN (0x8)
                [!provide]                        PROVIDE (end = .)
                0x0000000020000208                PROVIDE (_end = .)
                0x0000000020000408                . = (. + _Min_Heap_Size)
 *fill*         0x0000000020000208      0x200 
                0x0000000020000808                . = (. + _Min_Stack_Size)
 *fill*         0x0000000020000408      0x400 
                0x0000000020000808                . = ALIGN (0x8)

/DISCARD/
 libc.a(*)
 libm.a(*)
 libgcc.a(*)

.ARM.attributes
                0x0000000000000000       0x2e
 *(.ARM.attributes)
 .ARM.attributes
                0x0000000000000000       0x1e c:/st/stm32cubeide_1.12.0/stm32cubeide/plugins/com.st.stm32cube.ide.mcu.externaltools.gnu-tools-for-stm32.10.3-2021.10.win32_1.0.200.202301161003/tools/bin/../lib/gcc/arm-none-eabi/10.3.1/thumb/v7e-m+fp/softfp/crti.o
 .ARM.attributes
                0x000000000000001e       0x32 c:/st/stm32cubeide_1.12.0/stm32cubeide/plugins/com.st.stm32cube.ide.mcu.externaltools.gnu-tools-for-stm32.10.3-2021.10.win32_1.0.200.202301161003/tools/bin/../lib/gcc/arm-none-eabi/10.3.1/thumb/v7e-m+fp/softfp/crtbegin.o
 .ARM.attributes
                0x0000000000000050       0x32 ./Src/main.o
 .ARM.attributes
                0x0000000000000082       0x32 ./Src/syscalls.o
 .ARM.attributes
                0x00000000000000b4       0x32 ./Src/sysmem.o
 .ARM.attributes
                0x00000000000000e6       0x21 ./Startup/startup_stm32f401retx.o
 .ARM.attributes
                0x0000000000000107       0x32 D:\GITHUB\STM32\EDS_2023\MCAL_F40x\Debug\libMCAL.a(mcalGPIO.o)
 .ARM.attributes
                0x0000000000000139       0x32 D:\GITHUB\STM32\EDS_2023\MCAL_F40x\Debug\libMCAL.a(mcalSysTick.o)
 .ARM.attributes
                0x000000000000016b       0x32 D:\GITHUB\STM32\EDS_2023\MCAL_F40x\Debug\libMCAL.a(system_stm32f4xx.o)
 .ARM.attributes
                0x000000000000019d       0x32 c:/st/stm32cubeide_1.12.0/stm32cubeide/plugins/com.st.stm32cube.ide.mcu.externaltools.gnu-tools-for-stm32.10.3-2021.10.win32_1.0.200.202301161003/tools/bin/../lib/gcc/arm-none-eabi/10.3.1/../../../../arm-none-eabi/lib/thumb/v7e-m+fp/softfp\libc_nano.a(lib_a-errno.o)
 .ARM.attributes
                0x00000000000001cf       0x32 c:/st/stm32cubeide_1.12.0/stm32cubeide/plugins/com.st.stm32cube.ide.mcu.externaltools.gnu-tools-for-stm32.10.3-2021.10.win32_1.0.200.202301161003/tools/bin/../lib/gcc/arm-none-eabi/10.3.1/../../../../arm-none-eabi/lib/thumb/v7e-m+fp/softfp\libc_nano.a(lib_a-impure.o)
 .ARM.attributes
                0x0000000000000201       0x32 c:/st/stm32cubeide_1.12.0/stm32cubeide/plugins/com.st.stm32cube.ide.mcu.externaltools.gnu-tools-for-stm32.10.3-2021.10.win32_1.0.200.202301161003/tools/bin/../lib/gcc/arm-none-eabi/10.3.1/../../../../arm-none-eabi/lib/thumb/v7e-m+fp/softfp\libc_nano.a(lib_a-init.o)
 .ARM.attributes
                0x0000000000000233       0x32 c:/st/stm32cubeide_1.12.0/stm32cubeide/plugins/com.st.stm32cube.ide.mcu.externaltools.gnu-tools-for-stm32.10.3-2021.10.win32_1.0.200.202301161003/tools/bin/../lib/gcc/arm-none-eabi/10.3.1/../../../../arm-none-eabi/lib/thumb/v7e-m+fp/softfp\libc_nano.a(lib_a-memset.o)
 .ARM.attributes
                0x0000000000000265       0x32 c:/st/stm32cubeide_1.12.0/stm32cubeide/plugins/com.st.stm32cube.ide.mcu.externaltools.gnu-tools-for-stm32.10.3-2021.10.win32_1.0.200.202301161003/tools/bin/../lib/gcc/arm-none-eabi/10.3.1/../../../../arm-none-eabi/lib/thumb/v7e-m+fp/softfp\libc_nano.a(lib_a-nano-vfprintf_float.o)
 .ARM.attributes
                0x0000000000000297       0x32 c:/st/stm32cubeide_1.12.0/stm32cubeide/plugins/com.st.stm32cube.ide.mcu.externaltools.gnu-tools-for-stm32.10.3-2021.10.win32_1.0.200.202301161003/tools/bin/../lib/gcc/arm-none-eabi/10.3.1/../../../../arm-none-eabi/lib/thumb/v7e-m+fp/softfp\libc_nano.a(lib_a-nano-vfprintf_i.o)
 .ARM.attributes
                0x00000000000002c9       0x17 c:/st/stm32cubeide_1.12.0/stm32cubeide/plugins/com.st.stm32cube.ide.mcu.externaltools.gnu-tools-for-stm32.10.3-2021.10.win32_1.0.200.202301161003/tools/bin/../lib/gcc/arm-none-eabi/10.3.1/../../../../arm-none-eabi/lib/thumb/v7e-m+fp/softfp\libc_nano.a(lib_a-strlen.o)
 .ARM.attributes
                0x00000000000002e0       0x32 c:/st/stm32cubeide_1.12.0/stm32cubeide/plugins/com.st.stm32cube.ide.mcu.externaltools.gnu-tools-for-stm32.10.3-2021.10.win32_1.0.200.202301161003/tools/bin/../lib/gcc/arm-none-eabi/10.3.1/../../../../arm-none-eabi/lib/thumb/v7e-m+fp/softfp\libc_nano.a(lib_a-dtoa.o)
 .ARM.attributes
                0x0000000000000312       0x32 c:/st/stm32cubeide_1.12.0/stm32cubeide/plugins/com.st.stm32cube.ide.mcu.externaltools.gnu-tools-for-stm32.10.3-2021.10.win32_1.0.200.202301161003/tools/bin/../lib/gcc/arm-none-eabi/10.3.1/../../../../arm-none-eabi/lib/thumb/v7e-m+fp/softfp\libc_nano.a(lib_a-localeconv.o)
 .ARM.attributes
                0x0000000000000344       0x32 c:/st/stm32cubeide_1.12.0/stm32cubeide/plugins/com.st.stm32cube.ide.mcu.externaltools.gnu-tools-for-stm32.10.3-2021.10.win32_1.0.200.202301161003/tools/bin/../lib/gcc/arm-none-eabi/10.3.1/../../../../arm-none-eabi/lib/thumb/v7e-m+fp/softfp\libc_nano.a(lib_a-malloc.o)
 .ARM.attributes
                0x0000000000000376       0x1c c:/st/stm32cubeide_1.12.0/stm32cubeide/plugins/com.st.stm32cube.ide.mcu.externaltools.gnu-tools-for-stm32.10.3-2021.10.win32_1.0.200.202301161003/tools/bin/../lib/gcc/arm-none-eabi/10.3.1/../../../../arm-none-eabi/lib/thumb/v7e-m+fp/softfp\libc_nano.a(lib_a-memchr.o)
 .ARM.attributes
                0x0000000000000392       0x32 c:/st/stm32cubeide_1.12.0/stm32cubeide/plugins/com.st.stm32cube.ide.mcu.externaltools.gnu-tools-for-stm32.10.3-2021.10.win32_1.0.200.202301161003/tools/bin/../lib/gcc/arm-none-eabi/10.3.1/../../../../arm-none-eabi/lib/thumb/v7e-m+fp/softfp\libc_nano.a(lib_a-memcpy-stub.o)
 .ARM.attributes
                0x00000000000003c4       0x32 c:/st/stm32cubeide_1.12.0/stm32cubeide/plugins/com.st.stm32cube.ide.mcu.externaltools.gnu-tools-for-stm32.10.3-2021.10.win32_1.0.200.202301161003/tools/bin/../lib/gcc/arm-none-eabi/10.3.1/../../../../arm-none-eabi/lib/thumb/v7e-m+fp/softfp\libc_nano.a(lib_a-mprec.o)
 .ARM.attributes
                0x00000000000003f6       0x32 c:/st/stm32cubeide_1.12.0/stm32cubeide/plugins/com.st.stm32cube.ide.mcu.externaltools.gnu-tools-for-stm32.10.3-2021.10.win32_1.0.200.202301161003/tools/bin/../lib/gcc/arm-none-eabi/10.3.1/../../../../arm-none-eabi/lib/thumb/v7e-m+fp/softfp\libc_nano.a(lib_a-nano-callocr.o)
 .ARM.attributes
                0x0000000000000428       0x32 c:/st/stm32cubeide_1.12.0/stm32cubeide/plugins/com.st.stm32cube.ide.mcu.externaltools.gnu-tools-for-stm32.10.3-2021.10.win32_1.0.200.202301161003/tools/bin/../lib/gcc/arm-none-eabi/10.3.1/../../../../arm-none-eabi/lib/thumb/v7e-m+fp/softfp\libc_nano.a(lib_a-nano-freer.o)
 .ARM.attributes
                0x000000000000045a       0x32 c:/st/stm32cubeide_1.12.0/stm32cubeide/plugins/com.st.stm32cube.ide.mcu.externaltools.gnu-tools-for-stm32.10.3-2021.10.win32_1.0.200.202301161003/tools/bin/../lib/gcc/arm-none-eabi/10.3.1/../../../../arm-none-eabi/lib/thumb/v7e-m+fp/softfp\libc_nano.a(lib_a-nano-mallocr.o)
 .ARM.attributes
                0x000000000000048c       0x32 c:/st/stm32cubeide_1.12.0/stm32cubeide/plugins/com.st.stm32cube.ide.mcu.externaltools.gnu-tools-for-stm32.10.3-2021.10.win32_1.0.200.202301161003/tools/bin/../lib/gcc/arm-none-eabi/10.3.1/../../../../arm-none-eabi/lib/thumb/v7e-m+fp/softfp\libc_nano.a(lib_a-sbrkr.o)
 .ARM.attributes
                0x00000000000004be       0x32 c:/st/stm32cubeide_1.12.0/stm32cubeide/plugins/com.st.stm32cube.ide.mcu.externaltools.gnu-tools-for-stm32.10.3-2021.10.win32_1.0.200.202301161003/tools/bin/../lib/gcc/arm-none-eabi/10.3.1/../../../../arm-none-eabi/lib/thumb/v7e-m+fp/softfp\libc_nano.a(lib_a-assert.o)
 .ARM.attributes
                0x00000000000004f0       0x32 c:/st/stm32cubeide_1.12.0/stm32cubeide/plugins/com.st.stm32cube.ide.mcu.externaltools.gnu-tools-for-stm32.10.3-2021.10.win32_1.0.200.202301161003/tools/bin/../lib/gcc/arm-none-eabi/10.3.1/../../../../arm-none-eabi/lib/thumb/v7e-m+fp/softfp\libc_nano.a(lib_a-fprintf.o)
 .ARM.attributes
                0x0000000000000522       0x32 c:/st/stm32cubeide_1.12.0/stm32cubeide/plugins/com.st.stm32cube.ide.mcu.externaltools.gnu-tools-for-stm32.10.3-2021.10.win32_1.0.200.202301161003/tools/bin/../lib/gcc/arm-none-eabi/10.3.1/../../../../arm-none-eabi/lib/thumb/v7e-m+fp/softfp\libc_nano.a(lib_a-locale.o)
 .ARM.attributes
                0x0000000000000554       0x32 c:/st/stm32cubeide_1.12.0/stm32cubeide/plugins/com.st.stm32cube.ide.mcu.externaltools.gnu-tools-for-stm32.10.3-2021.10.win32_1.0.200.202301161003/tools/bin/../lib/gcc/arm-none-eabi/10.3.1/../../../../arm-none-eabi/lib/thumb/v7e-m+fp/softfp\libc_nano.a(lib_a-mbtowc_r.o)
 .ARM.attributes
                0x0000000000000586       0x32 c:/st/stm32cubeide_1.12.0/stm32cubeide/plugins/com.st.stm32cube.ide.mcu.externaltools.gnu-tools-for-stm32.10.3-2021.10.win32_1.0.200.202301161003/tools/bin/../lib/gcc/arm-none-eabi/10.3.1/../../../../arm-none-eabi/lib/thumb/v7e-m+fp/softfp\libc_nano.a(lib_a-mlock.o)
 .ARM.attributes
                0x00000000000005b8       0x32 c:/st/stm32cubeide_1.12.0/stm32cubeide/plugins/com.st.stm32cube.ide.mcu.externaltools.gnu-tools-for-stm32.10.3-2021.10.win32_1.0.200.202301161003/tools/bin/../lib/gcc/arm-none-eabi/10.3.1/../../../../arm-none-eabi/lib/thumb/v7e-m+fp/softfp\libc_nano.a(lib_a-nano-vfprintf.o)
 .ARM.attributes
                0x00000000000005ea       0x32 c:/st/stm32cubeide_1.12.0/stm32cubeide/plugins/com.st.stm32cube.ide.mcu.externaltools.gnu-tools-for-stm32.10.3-2021.10.win32_1.0.200.202301161003/tools/bin/../lib/gcc/arm-none-eabi/10.3.1/../../../../arm-none-eabi/lib/thumb/v7e-m+fp/softfp\libc_nano.a(lib_a-reent.o)
 .ARM.attributes
                0x000000000000061c       0x32 c:/st/stm32cubeide_1.12.0/stm32cubeide/plugins/com.st.stm32cube.ide.mcu.externaltools.gnu-tools-for-stm32.10.3-2021.10.win32_1.0.200.202301161003/tools/bin/../lib/gcc/arm-none-eabi/10.3.1/../../../../arm-none-eabi/lib/thumb/v7e-m+fp/softfp\libc_nano.a(lib_a-wbuf.o)
 .ARM.attributes
                0x000000000000064e       0x32 c:/st/stm32cubeide_1.12.0/stm32cubeide/plugins/com.st.stm32cube.ide.mcu.externaltools.gnu-tools-for-stm32.10.3-2021.10.win32_1.0.200.202301161003/tools/bin/../lib/gcc/arm-none-eabi/10.3.1/../../../../arm-none-eabi/lib/thumb/v7e-m+fp/softfp\libc_nano.a(lib_a-wctomb_r.o)
 .ARM.attributes
                0x0000000000000680       0x32 c:/st/stm32cubeide_1.12.0/stm32cubeide/plugins/com.st.stm32cube.ide.mcu.externaltools.gnu-tools-for-stm32.10.3-2021.10.win32_1.0.200.202301161003/tools/bin/../lib/gcc/arm-none-eabi/10.3.1/../../../../arm-none-eabi/lib/thumb/v7e-m+fp/softfp\libc_nano.a(lib_a-wsetup.o)
 .ARM.attributes
                0x00000000000006b2       0x32 c:/st/stm32cubeide_1.12.0/stm32cubeide/plugins/com.st.stm32cube.ide.mcu.externaltools.gnu-tools-for-stm32.10.3-2021.10.win32_1.0.200.202301161003/tools/bin/../lib/gcc/arm-none-eabi/10.3.1/../../../../arm-none-eabi/lib/thumb/v7e-m+fp/softfp\libc_nano.a(lib_a-abort.o)
 .ARM.attributes
                0x00000000000006e4       0x32 c:/st/stm32cubeide_1.12.0/stm32cubeide/plugins/com.st.stm32cube.ide.mcu.externaltools.gnu-tools-for-stm32.10.3-2021.10.win32_1.0.200.202301161003/tools/bin/../lib/gcc/arm-none-eabi/10.3.1/../../../../arm-none-eabi/lib/thumb/v7e-m+fp/softfp\libc_nano.a(lib_a-ctype_.o)
 .ARM.attributes
                0x0000000000000716       0x32 c:/st/stm32cubeide_1.12.0/stm32cubeide/plugins/com.st.stm32cube.ide.mcu.externaltools.gnu-tools-for-stm32.10.3-2021.10.win32_1.0.200.202301161003/tools/bin/../lib/gcc/arm-none-eabi/10.3.1/../../../../arm-none-eabi/lib/thumb/v7e-m+fp/softfp\libc_nano.a(lib_a-fflush.o)
 .ARM.attributes
                0x0000000000000748       0x32 c:/st/stm32cubeide_1.12.0/stm32cubeide/plugins/com.st.stm32cube.ide.mcu.externaltools.gnu-tools-for-stm32.10.3-2021.10.win32_1.0.200.202301161003/tools/bin/../lib/gcc/arm-none-eabi/10.3.1/../../../../arm-none-eabi/lib/thumb/v7e-m+fp/softfp\libc_nano.a(lib_a-findfp.o)
 .ARM.attributes
                0x000000000000077a       0x32 c:/st/stm32cubeide_1.12.0/stm32cubeide/plugins/com.st.stm32cube.ide.mcu.externaltools.gnu-tools-for-stm32.10.3-2021.10.win32_1.0.200.202301161003/tools/bin/../lib/gcc/arm-none-eabi/10.3.1/../../../../arm-none-eabi/lib/thumb/v7e-m+fp/softfp\libc_nano.a(lib_a-fwalk.o)
 .ARM.attributes
                0x00000000000007ac       0x32 c:/st/stm32cubeide_1.12.0/stm32cubeide/plugins/com.st.stm32cube.ide.mcu.externaltools.gnu-tools-for-stm32.10.3-2021.10.win32_1.0.200.202301161003/tools/bin/../lib/gcc/arm-none-eabi/10.3.1/../../../../arm-none-eabi/lib/thumb/v7e-m+fp/softfp\libc_nano.a(lib_a-lock.o)
 .ARM.attributes
                0x00000000000007de       0x32 c:/st/stm32cubeide_1.12.0/stm32cubeide/plugins/com.st.stm32cube.ide.mcu.externaltools.gnu-tools-for-stm32.10.3-2021.10.win32_1.0.200.202301161003/tools/bin/../lib/gcc/arm-none-eabi/10.3.1/../../../../arm-none-eabi/lib/thumb/v7e-m+fp/softfp\libc_nano.a(lib_a-makebuf.o)
 .ARM.attributes
                0x0000000000000810       0x32 c:/st/stm32cubeide_1.12.0/stm32cubeide/plugins/com.st.stm32cube.ide.mcu.externaltools.gnu-tools-for-stm32.10.3-2021.10.win32_1.0.200.202301161003/tools/bin/../lib/gcc/arm-none-eabi/10.3.1/../../../../arm-none-eabi/lib/thumb/v7e-m+fp/softfp\libc_nano.a(lib_a-signal.o)
 .ARM.attributes
                0x0000000000000842       0x32 c:/st/stm32cubeide_1.12.0/stm32cubeide/plugins/com.st.stm32cube.ide.mcu.externaltools.gnu-tools-for-stm32.10.3-2021.10.win32_1.0.200.202301161003/tools/bin/../lib/gcc/arm-none-eabi/10.3.1/../../../../arm-none-eabi/lib/thumb/v7e-m+fp/softfp\libc_nano.a(lib_a-signalr.o)
 .ARM.attributes
                0x0000000000000874       0x32 c:/st/stm32cubeide_1.12.0/stm32cubeide/plugins/com.st.stm32cube.ide.mcu.externaltools.gnu-tools-for-stm32.10.3-2021.10.win32_1.0.200.202301161003/tools/bin/../lib/gcc/arm-none-eabi/10.3.1/../../../../arm-none-eabi/lib/thumb/v7e-m+fp/softfp\libc_nano.a(lib_a-stdio.o)
 .ARM.attributes
                0x00000000000008a6       0x32 c:/st/stm32cubeide_1.12.0/stm32cubeide/plugins/com.st.stm32cube.ide.mcu.externaltools.gnu-tools-for-stm32.10.3-2021.10.win32_1.0.200.202301161003/tools/bin/../lib/gcc/arm-none-eabi/10.3.1/../../../../arm-none-eabi/lib/thumb/v7e-m+fp/softfp\libc_nano.a(lib_a-writer.o)
 .ARM.attributes
                0x00000000000008d8       0x32 c:/st/stm32cubeide_1.12.0/stm32cubeide/plugins/com.st.stm32cube.ide.mcu.externaltools.gnu-tools-for-stm32.10.3-2021.10.win32_1.0.200.202301161003/tools/bin/../lib/gcc/arm-none-eabi/10.3.1/../../../../arm-none-eabi/lib/thumb/v7e-m+fp/softfp\libc_nano.a(lib_a-closer.o)
 .ARM.attributes
                0x000000000000090a       0x32 c:/st/stm32cubeide_1.12.0/stm32cubeide/plugins/com.st.stm32cube.ide.mcu.externaltools.gnu-tools-for-stm32.10.3-2021.10.win32_1.0.200.202301161003/tools/bin/../lib/gcc/arm-none-eabi/10.3.1/../../../../arm-none-eabi/lib/thumb/v7e-m+fp/softfp\libc_nano.a(lib_a-fstatr.o)
 .ARM.attributes
                0x000000000000093c       0x32 c:/st/stm32cubeide_1.12.0/stm32cubeide/plugins/com.st.stm32cube.ide.mcu.externaltools.gnu-tools-for-stm32.10.3-2021.10.win32_1.0.200.202301161003/tools/bin/../lib/gcc/arm-none-eabi/10.3.1/../../../../arm-none-eabi/lib/thumb/v7e-m+fp/softfp\libc_nano.a(lib_a-isattyr.o)
 .ARM.attributes
                0x000000000000096e       0x32 c:/st/stm32cubeide_1.12.0/stm32cubeide/plugins/com.st.stm32cube.ide.mcu.externaltools.gnu-tools-for-stm32.10.3-2021.10.win32_1.0.200.202301161003/tools/bin/../lib/gcc/arm-none-eabi/10.3.1/../../../../arm-none-eabi/lib/thumb/v7e-m+fp/softfp\libc_nano.a(lib_a-lseekr.o)
 .ARM.attributes
                0x00000000000009a0       0x32 c:/st/stm32cubeide_1.12.0/stm32cubeide/plugins/com.st.stm32cube.ide.mcu.externaltools.gnu-tools-for-stm32.10.3-2021.10.win32_1.0.200.202301161003/tools/bin/../lib/gcc/arm-none-eabi/10.3.1/../../../../arm-none-eabi/lib/thumb/v7e-m+fp/softfp\libc_nano.a(lib_a-readr.o)
 .ARM.attributes
                0x00000000000009d2       0x1e c:/st/stm32cubeide_1.12.0/stm32cubeide/plugins/com.st.stm32cube.ide.mcu.externaltools.gnu-tools-for-stm32.10.3-2021.10.win32_1.0.200.202301161003/tools/bin/../lib/gcc/arm-none-eabi/10.3.1/thumb/v7e-m+fp/softfp\libgcc.a(_arm_addsubdf3.o)
 .ARM.attributes
                0x00000000000009f0       0x1e c:/st/stm32cubeide_1.12.0/stm32cubeide/plugins/com.st.stm32cube.ide.mcu.externaltools.gnu-tools-for-stm32.10.3-2021.10.win32_1.0.200.202301161003/tools/bin/../lib/gcc/arm-none-eabi/10.3.1/thumb/v7e-m+fp/softfp\libgcc.a(_arm_muldivdf3.o)
 .ARM.attributes
                0x0000000000000a0e       0x1e c:/st/stm32cubeide_1.12.0/stm32cubeide/plugins/com.st.stm32cube.ide.mcu.externaltools.gnu-tools-for-stm32.10.3-2021.10.win32_1.0.200.202301161003/tools/bin/../lib/gcc/arm-none-eabi/10.3.1/thumb/v7e-m+fp/softfp\libgcc.a(_arm_cmpdf2.o)
 .ARM.attributes
                0x0000000000000a2c       0x1e c:/st/stm32cubeide_1.12.0/stm32cubeide/plugins/com.st.stm32cube.ide.mcu.externaltools.gnu-tools-for-stm32.10.3-2021.10.win32_1.0.200.202301161003/tools/bin/../lib/gcc/arm-none-eabi/10.3.1/thumb/v7e-m+fp/softfp\libgcc.a(_arm_unorddf2.o)
 .ARM.attributes
                0x0000000000000a4a       0x1e c:/st/stm32cubeide_1.12.0/stm32cubeide/plugins/com.st.stm32cube.ide.mcu.externaltools.gnu-tools-for-stm32.10.3-2021.10.win32_1.0.200.202301161003/tools/bin/../lib/gcc/arm-none-eabi/10.3.1/thumb/v7e-m+fp/softfp\libgcc.a(_arm_fixdfsi.o)
 .ARM.attributes
                0x0000000000000a68       0x1e c:/st/stm32cubeide_1.12.0/stm32cubeide/plugins/com.st.stm32cube.ide.mcu.externaltools.gnu-tools-for-stm32.10.3-2021.10.win32_1.0.200.202301161003/tools/bin/../lib/gcc/arm-none-eabi/10.3.1/thumb/v7e-m+fp/softfp/crtn.o
OUTPUT(NUCLEO_SYSTICK.elf elf32-littlearm)
LOAD linker stubs
LOAD c:/st/stm32cubeide_1.12.0/stm32cubeide/plugins/com.st.stm32cube.ide.mcu.externaltools.gnu-tools-for-stm32.10.3-2021.10.win32_1.0.200.202301161003/tools/bin/../lib/gcc/arm-none-eabi/10.3.1/../../../../arm-none-eabi/lib/thumb/v7e-m+fp/softfp\libc.a
LOAD c:/st/stm32cubeide_1.12.0/stm32cubeide/plugins/com.st.stm32cube.ide.mcu.externaltools.gnu-tools-for-stm32.10.3-2021.10.win32_1.0.200.202301161003/tools/bin/../lib/gcc/arm-none-eabi/10.3.1/../../../../arm-none-eabi/lib/thumb/v7e-m+fp/softfp\libm.a
LOAD c:/st/stm32cubeide_1.12.0/stm32cubeide/plugins/com.st.stm32cube.ide.mcu.externaltools.gnu-tools-for-stm32.10.3-2021.10.win32_1.0.200.202301161003/tools/bin/../lib/gcc/arm-none-eabi/10.3.1/thumb/v7e-m+fp/softfp\libgcc.a

.debug_info     0x0000000000000000     0x242e
 .debug_info    0x0000000000000000      0x43c ./Src/main.o
 .debug_info    0x000000000000043c      0x6e0 ./Src/syscalls.o
 .debug_info    0x0000000000000b1c      0x171 ./Src/sysmem.o
 .debug_info    0x0000000000000c8d       0x22 ./Startup/startup_stm32f401retx.o
 .debug_info    0x0000000000000caf      0xa59 D:\GITHUB\STM32\EDS_2023\MCAL_F40x\Debug\libMCAL.a(mcalGPIO.o)
 .debug_info    0x0000000000001708      0x7de D:\GITHUB\STM32\EDS_2023\MCAL_F40x\Debug\libMCAL.a(mcalSysTick.o)
 .debug_info    0x0000000000001ee6      0x548 D:\GITHUB\STM32\EDS_2023\MCAL_F40x\Debug\libMCAL.a(system_stm32f4xx.o)

.debug_abbrev   0x0000000000000000      0x89a
 .debug_abbrev  0x0000000000000000      0x14e ./Src/main.o
 .debug_abbrev  0x000000000000014e      0x1b3 ./Src/syscalls.o
 .debug_abbrev  0x0000000000000301       0xbb ./Src/sysmem.o
 .debug_abbrev  0x00000000000003bc       0x12 ./Startup/startup_stm32f401retx.o
 .debug_abbrev  0x00000000000003ce      0x1a4 D:\GITHUB\STM32\EDS_2023\MCAL_F40x\Debug\libMCAL.a(mcalGPIO.o)
 .debug_abbrev  0x0000000000000572      0x212 D:\GITHUB\STM32\EDS_2023\MCAL_F40x\Debug\libMCAL.a(mcalSysTick.o)
 .debug_abbrev  0x0000000000000784      0x116 D:\GITHUB\STM32\EDS_2023\MCAL_F40x\Debug\libMCAL.a(system_stm32f4xx.o)

.debug_aranges  0x0000000000000000      0x278
 .debug_aranges
                0x0000000000000000       0x20 ./Src/main.o
 .debug_aranges
                0x0000000000000020       0xa8 ./Src/syscalls.o
 .debug_aranges
                0x00000000000000c8       0x20 ./Src/sysmem.o
 .debug_aranges
                0x00000000000000e8       0x28 ./Startup/startup_stm32f401retx.o
 .debug_aranges
                0x0000000000000110       0xd0 D:\GITHUB\STM32\EDS_2023\MCAL_F40x\Debug\libMCAL.a(mcalGPIO.o)
 .debug_aranges
                0x00000000000001e0       0x70 D:\GITHUB\STM32\EDS_2023\MCAL_F40x\Debug\libMCAL.a(mcalSysTick.o)
 .debug_aranges
                0x0000000000000250       0x28 D:\GITHUB\STM32\EDS_2023\MCAL_F40x\Debug\libMCAL.a(system_stm32f4xx.o)

.debug_ranges   0x0000000000000000      0x210
 .debug_ranges  0x0000000000000000       0x10 ./Src/main.o
 .debug_ranges  0x0000000000000010       0x98 ./Src/syscalls.o
 .debug_ranges  0x00000000000000a8       0x10 ./Src/sysmem.o
 .debug_ranges  0x00000000000000b8       0x20 ./Startup/startup_stm32f401retx.o
 .debug_ranges  0x00000000000000d8       0xc0 D:\GITHUB\STM32\EDS_2023\MCAL_F40x\Debug\libMCAL.a(mcalGPIO.o)
 .debug_ranges  0x0000000000000198       0x60 D:\GITHUB\STM32\EDS_2023\MCAL_F40x\Debug\libMCAL.a(mcalSysTick.o)
 .debug_ranges  0x00000000000001f8       0x18 D:\GITHUB\STM32\EDS_2023\MCAL_F40x\Debug\libMCAL.a(system_stm32f4xx.o)

.debug_macro    0x0000000000000000     0xf813
 .debug_macro   0x0000000000000000      0x12f ./Src/main.o
 .debug_macro   0x000000000000012f      0xa7e ./Src/main.o
 .debug_macro   0x0000000000000bad       0x22 ./Src/main.o
 .debug_macro   0x0000000000000bcf       0x8e ./Src/main.o
 .debug_macro   0x0000000000000c5d       0x51 ./Src/main.o
 .debug_macro   0x0000000000000cae      0x103 ./Src/main.o
 .debug_macro   0x0000000000000db1       0x6a ./Src/main.o
 .debug_macro   0x0000000000000e1b      0x1df ./Src/main.o
 .debug_macro   0x0000000000000ffa       0x22 ./Src/main.o
 .debug_macro   0x000000000000101c      0x174 ./Src/main.o
 .debug_macro   0x0000000000001190       0x3a ./Src/main.o
 .debug_macro   0x00000000000011ca       0x2e ./Src/main.o
 .debug_macro   0x00000000000011f8       0x28 ./Src/main.o
 .debug_macro   0x0000000000001220       0x1c ./Src/main.o
 .debug_macro   0x000000000000123c       0x22 ./Src/main.o
 .debug_macro   0x000000000000125e       0xd9 ./Src/main.o
 .debug_macro   0x0000000000001337     0x102d ./Src/main.o
 .debug_macro   0x0000000000002364      0x11f ./Src/main.o
 .debug_macro   0x0000000000002483     0xb86c ./Src/main.o
 .debug_macro   0x000000000000dcef       0x6d ./Src/main.o
 .debug_macro   0x000000000000dd5c      0x24c ./Src/syscalls.o
 .debug_macro   0x000000000000dfa8       0x4c ./Src/syscalls.o
 .debug_macro   0x000000000000dff4       0x1e ./Src/syscalls.o
 .debug_macro   0x000000000000e012       0x94 ./Src/syscalls.o
 .debug_macro   0x000000000000e0a6       0x3c ./Src/syscalls.o
 .debug_macro   0x000000000000e0e2       0x34 ./Src/syscalls.o
 .debug_macro   0x000000000000e116       0x57 ./Src/syscalls.o
 .debug_macro   0x000000000000e16d      0x341 ./Src/syscalls.o
 .debug_macro   0x000000000000e4ae       0x16 ./Src/syscalls.o
 .debug_macro   0x000000000000e4c4       0x43 ./Src/syscalls.o
 .debug_macro   0x000000000000e507       0x34 ./Src/syscalls.o
 .debug_macro   0x000000000000e53b       0x10 ./Src/syscalls.o
 .debug_macro   0x000000000000e54b       0x58 ./Src/syscalls.o
 .debug_macro   0x000000000000e5a3       0x71 ./Src/syscalls.o
 .debug_macro   0x000000000000e614       0x1c ./Src/syscalls.o
 .debug_macro   0x000000000000e630      0x12a ./Src/syscalls.o
 .debug_macro   0x000000000000e75a       0x10 ./Src/syscalls.o
 .debug_macro   0x000000000000e76a       0x35 ./Src/syscalls.o
 .debug_macro   0x000000000000e79f       0x10 ./Src/syscalls.o
 .debug_macro   0x000000000000e7af       0x10 ./Src/syscalls.o
 .debug_macro   0x000000000000e7bf       0x10 ./Src/syscalls.o
 .debug_macro   0x000000000000e7cf       0x1c ./Src/syscalls.o
 .debug_macro   0x000000000000e7eb       0x52 ./Src/syscalls.o
 .debug_macro   0x000000000000e83d       0x22 ./Src/syscalls.o
 .debug_macro   0x000000000000e85f       0x10 ./Src/syscalls.o
 .debug_macro   0x000000000000e86f       0x52 ./Src/syscalls.o
 .debug_macro   0x000000000000e8c1       0xd5 ./Src/syscalls.o
 .debug_macro   0x000000000000e996       0x1c ./Src/syscalls.o
 .debug_macro   0x000000000000e9b2       0x3d ./Src/syscalls.o
 .debug_macro   0x000000000000e9ef       0x35 ./Src/syscalls.o
 .debug_macro   0x000000000000ea24      0x12c ./Src/syscalls.o
 .debug_macro   0x000000000000eb50       0x16 ./Src/syscalls.o
 .debug_macro   0x000000000000eb66       0x16 ./Src/syscalls.o
 .debug_macro   0x000000000000eb7c       0x29 ./Src/syscalls.o
 .debug_macro   0x000000000000eba5       0x10 ./Src/syscalls.o
 .debug_macro   0x000000000000ebb5      0x241 ./Src/syscalls.o
 .debug_macro   0x000000000000edf6       0x1c ./Src/syscalls.o
 .debug_macro   0x000000000000ee12       0x10 ./Src/syscalls.o
 .debug_macro   0x000000000000ee22       0x10 ./Src/syscalls.o
 .debug_macro   0x000000000000ee32       0x16 ./Src/syscalls.o
 .debug_macro   0x000000000000ee48      0x145 ./Src/syscalls.o
 .debug_macro   0x000000000000ef8d      0x189 ./Src/syscalls.o
 .debug_macro   0x000000000000f116       0x16 ./Src/syscalls.o
 .debug_macro   0x000000000000f12c       0xce ./Src/syscalls.o
 .debug_macro   0x000000000000f1fa       0xff ./Src/sysmem.o
 .debug_macro   0x000000000000f2f9      0x23b ./Src/sysmem.o
 .debug_macro   0x000000000000f534       0xe1 D:\GITHUB\STM32\EDS_2023\MCAL_F40x\Debug\libMCAL.a(mcalGPIO.o)
 .debug_macro   0x000000000000f615       0xf0 D:\GITHUB\STM32\EDS_2023\MCAL_F40x\Debug\libMCAL.a(mcalSysTick.o)
 .debug_macro   0x000000000000f705       0x34 D:\GITHUB\STM32\EDS_2023\MCAL_F40x\Debug\libMCAL.a(mcalSysTick.o)
 .debug_macro   0x000000000000f739       0xda D:\GITHUB\STM32\EDS_2023\MCAL_F40x\Debug\libMCAL.a(system_stm32f4xx.o)

.debug_line     0x0000000000000000     0x2895
 .debug_line    0x0000000000000000      0x503 ./Src/main.o
 .debug_line    0x0000000000000503      0x7f9 ./Src/syscalls.o
 .debug_line    0x0000000000000cfc      0x4ef ./Src/sysmem.o
 .debug_line    0x00000000000011eb       0x84 ./Startup/startup_stm32f401retx.o
 .debug_line    0x000000000000126f      0xa98 D:\GITHUB\STM32\EDS_2023\MCAL_F40x\Debug\libMCAL.a(mcalGPIO.o)
 .debug_line    0x0000000000001d07      0x64b D:\GITHUB\STM32\EDS_2023\MCAL_F40x\Debug\libMCAL.a(mcalSysTick.o)
 .debug_line    0x0000000000002352      0x543 D:\GITHUB\STM32\EDS_2023\MCAL_F40x\Debug\libMCAL.a(system_stm32f4xx.o)

.debug_str      0x0000000000000000    0x557ca
 .debug_str     0x0000000000000000    0x4f961 ./Src/main.o
                                      0x4fb7b (size before relaxing)
 .debug_str     0x000000000004f961     0x54d2 ./Src/syscalls.o
                                       0x8a7a (size before relaxing)
 .debug_str     0x0000000000054e33       0x66 ./Src/sysmem.o
                                       0x5db6 (size before relaxing)
 .debug_str     0x0000000000054e99       0x31 ./Startup/startup_stm32f401retx.o
                                         0x5f (size before relaxing)
 .debug_str     0x0000000000054eca      0x307 D:\GITHUB\STM32\EDS_2023\MCAL_F40x\Debug\libMCAL.a(mcalGPIO.o)
                                      0x4f92a (size before relaxing)
 .debug_str     0x00000000000551d1      0x523 D:\GITHUB\STM32\EDS_2023\MCAL_F40x\Debug\libMCAL.a(mcalSysTick.o)
                                      0x4faa4 (size before relaxing)
 .debug_str     0x00000000000556f4       0xd6 D:\GITHUB\STM32\EDS_2023\MCAL_F40x\Debug\libMCAL.a(system_stm32f4xx.o)
                                      0x4f60b (size before relaxing)

.comment        0x0000000000000000       0x50
 .comment       0x0000000000000000       0x50 ./Src/main.o
                                         0x51 (size before relaxing)
 .comment       0x0000000000000050       0x51 ./Src/syscalls.o
 .comment       0x0000000000000050       0x51 ./Src/sysmem.o
 .comment       0x0000000000000050       0x51 D:\GITHUB\STM32\EDS_2023\MCAL_F40x\Debug\libMCAL.a(mcalGPIO.o)
 .comment       0x0000000000000050       0x51 D:\GITHUB\STM32\EDS_2023\MCAL_F40x\Debug\libMCAL.a(mcalSysTick.o)
 .comment       0x0000000000000050       0x51 D:\GITHUB\STM32\EDS_2023\MCAL_F40x\Debug\libMCAL.a(system_stm32f4xx.o)

.debug_frame    0x0000000000000000     0x1934